Archive member included because of file (symbol)

c:/users/sam/appdata/local/arduino15/packages/arduino/tools/arm-none-eabi-gcc/4.8.3-2014q1/bin/../lib/gcc/arm-none-eabi/4.8.3/../../../../arm-none-eabi/lib/armv6-m\libm.a(lib_a-s_floor.o)
                              C:\Users\sam\AppData\Local\Temp\VMBuilds\gateway\adafruit_adafruit_samd_adafruit_feather_m0_express\Debug\RadioHead\RH_RF22.cpp.o (floor)
C:\Users\sam\AppData\Local\Temp\VMBuilds\gateway\adafruit_adafruit_samd_adafruit_feather_m0_express\Debug/core.a(cortex_handlers.c.o)
                              (Reset_Handler)
C:\Users\sam\AppData\Local\Temp\VMBuilds\gateway\adafruit_adafruit_samd_adafruit_feather_m0_express\Debug/core.a(delay.c.o)
                              C:\Users\sam\AppData\Local\Temp\VMBuilds\gateway\adafruit_adafruit_samd_adafruit_feather_m0_express\Debug\gateway.cpp.o (millis)
C:\Users\sam\AppData\Local\Temp\VMBuilds\gateway\adafruit_adafruit_samd_adafruit_feather_m0_express\Debug/core.a(hooks.c.o)
                              C:\Users\sam\AppData\Local\Temp\VMBuilds\gateway\adafruit_adafruit_samd_adafruit_feather_m0_express\Debug\RadioHead\RHGenericDriver.cpp.o (yield)
C:\Users\sam\AppData\Local\Temp\VMBuilds\gateway\adafruit_adafruit_samd_adafruit_feather_m0_express\Debug/core.a(startup.c.o)
                              C:\Users\sam\AppData\Local\Temp\VMBuilds\gateway\adafruit_adafruit_samd_adafruit_feather_m0_express\Debug/core.a(cortex_handlers.c.o) (SystemInit)
C:\Users\sam\AppData\Local\Temp\VMBuilds\gateway\adafruit_adafruit_samd_adafruit_feather_m0_express\Debug/core.a(WInterrupts.c.o)
                              C:\Users\sam\AppData\Local\Temp\VMBuilds\gateway\adafruit_adafruit_samd_adafruit_feather_m0_express\Debug\RadioHead\RH_CC110.cpp.o (attachInterrupt)
C:\Users\sam\AppData\Local\Temp\VMBuilds\gateway\adafruit_adafruit_samd_adafruit_feather_m0_express\Debug/core.a(wiring.c.o)
                              C:\Users\sam\AppData\Local\Temp\VMBuilds\gateway\adafruit_adafruit_samd_adafruit_feather_m0_express\Debug/core.a(startup.c.o) (SystemCoreClock)
C:\Users\sam\AppData\Local\Temp\VMBuilds\gateway\adafruit_adafruit_samd_adafruit_feather_m0_express\Debug/core.a(wiring_analog.c.o)
                              C:\Users\sam\AppData\Local\Temp\VMBuilds\gateway\adafruit_adafruit_samd_adafruit_feather_m0_express\Debug/core.a(wiring.c.o) (analogReference)
C:\Users\sam\AppData\Local\Temp\VMBuilds\gateway\adafruit_adafruit_samd_adafruit_feather_m0_express\Debug/core.a(wiring_digital.c.o)
                              C:\Users\sam\AppData\Local\Temp\VMBuilds\gateway\adafruit_adafruit_samd_adafruit_feather_m0_express\Debug\gateway.cpp.o (pinMode)
C:\Users\sam\AppData\Local\Temp\VMBuilds\gateway\adafruit_adafruit_samd_adafruit_feather_m0_express\Debug/core.a(wiring_private.c.o)
                              C:\Users\sam\AppData\Local\Temp\VMBuilds\gateway\adafruit_adafruit_samd_adafruit_feather_m0_express\Debug\SPI\SPI.cpp.o (pinPeripheral)
C:\Users\sam\AppData\Local\Temp\VMBuilds\gateway\adafruit_adafruit_samd_adafruit_feather_m0_express\Debug/core.a(abi.cpp.o)
                              C:\Users\sam\AppData\Local\Temp\VMBuilds\gateway\adafruit_adafruit_samd_adafruit_feather_m0_express\Debug\RadioHead\RHGenericDriver.cpp.o (__cxa_pure_virtual)
C:\Users\sam\AppData\Local\Temp\VMBuilds\gateway\adafruit_adafruit_samd_adafruit_feather_m0_express\Debug/core.a(main.cpp.o)
                              c:/users/sam/appdata/local/arduino15/packages/arduino/tools/arm-none-eabi-gcc/4.8.3-2014q1/bin/../lib/gcc/arm-none-eabi/4.8.3/../../../../arm-none-eabi/lib/armv6-m/crt0.o (main)
C:\Users\sam\AppData\Local\Temp\VMBuilds\gateway\adafruit_adafruit_samd_adafruit_feather_m0_express\Debug/core.a(Print.cpp.o)
                              C:\Users\sam\AppData\Local\Temp\VMBuilds\gateway\adafruit_adafruit_samd_adafruit_feather_m0_express\Debug\gateway.cpp.o (Print::print(char const*))
C:\Users\sam\AppData\Local\Temp\VMBuilds\gateway\adafruit_adafruit_samd_adafruit_feather_m0_express\Debug/core.a(Reset.cpp.o)
                              C:\Users\sam\AppData\Local\Temp\VMBuilds\gateway\adafruit_adafruit_samd_adafruit_feather_m0_express\Debug/core.a(delay.c.o) (tickReset)
C:\Users\sam\AppData\Local\Temp\VMBuilds\gateway\adafruit_adafruit_samd_adafruit_feather_m0_express\Debug/core.a(SERCOM.cpp.o)
                              C:\Users\sam\AppData\Local\Temp\VMBuilds\gateway\adafruit_adafruit_samd_adafruit_feather_m0_express\Debug\variant\variant.cpp.o (SERCOM::SERCOM(Sercom*))
C:\Users\sam\AppData\Local\Temp\VMBuilds\gateway\adafruit_adafruit_samd_adafruit_feather_m0_express\Debug/core.a(Uart.cpp.o)
                              C:\Users\sam\AppData\Local\Temp\VMBuilds\gateway\adafruit_adafruit_samd_adafruit_feather_m0_express\Debug\variant\variant.cpp.o (Uart::Uart(SERCOM*, unsigned char, unsigned char, SercomRXPad, SercomUartTXPad))
[...]
Memory Configuration

Name             Origin             Length             Attributes
FLASH            0x00002000         0x0003e000         xr
RAM              0x20000000         0x00008000         xrw
*default*        0x00000000         0xffffffff

Linker script and memory map

LOAD c:/users/sam/appdata/local/arduino15/packages/arduino/tools/arm-none-eabi-gcc/4.8.3-2014q1/bin/../lib/gcc/arm-none-eabi/4.8.3/armv6-m/crti.o
LOAD c:/users/sam/appdata/local/arduino15/packages/arduino/tools/arm-none-eabi-gcc/4.8.3-2014q1/bin/../lib/gcc/arm-none-eabi/4.8.3/armv6-m/crtbegin.o
LOAD c:/users/sam/appdata/local/arduino15/packages/arduino/tools/arm-none-eabi-gcc/4.8.3-2014q1/bin/../lib/gcc/arm-none-eabi/4.8.3/../../../../arm-none-eabi/lib/armv6-m/crt0.o
LOAD C:\Users\sam\AppData\Local\Temp\VMBuilds\gateway\adafruit_adafruit_samd_adafruit_feather_m0_express\Debug\gateway.cpp.o
LOAD C:\Users\sam\AppData\Local\Temp\VMBuilds\gateway\adafruit_adafruit_samd_adafruit_feather_m0_express\Debug\RadioHead\RHCRC.cpp.o
LOAD C:\Users\sam\AppData\Local\Temp\VMBuilds\gateway\adafruit_adafruit_samd_adafruit_feather_m0_express\Debug\RadioHead\RHDatagram.cpp.o
LOAD C:\Users\sam\AppData\Local\Temp\VMBuilds\gateway\adafruit_adafruit_samd_adafruit_feather_m0_express\Debug\RadioHead\RHGenericDriver.cpp.o
LOAD C:\Users\sam\AppData\Local\Temp\VMBuilds\gateway\adafruit_adafruit_samd_adafruit_feather_m0_express\Debug\RadioHead\RHGenericSPI.cpp.o
LOAD C:\Users\sam\AppData\Local\Temp\VMBuilds\gateway\adafruit_adafruit_samd_adafruit_feather_m0_express\Debug\RadioHead\RHHardwareSPI.cpp.o
LOAD C:\Users\sam\AppData\Local\Temp\VMBuilds\gateway\adafruit_adafruit_samd_adafruit_feather_m0_express\Debug\RadioHead\RHMesh.cpp.o
LOAD C:\Users\sam\AppData\Local\Temp\VMBuilds\gateway\adafruit_adafruit_samd_adafruit_feather_m0_express\Debug\RadioHead\RHNRFSPIDriver.cpp.o
LOAD C:\Users\sam\AppData\Local\Temp\VMBuilds\gateway\adafruit_adafruit_samd_adafruit_feather_m0_express\Debug\RadioHead\RHReliableDatagram.cpp.o
LOAD C:\Users\sam\AppData\Local\Temp\VMBuilds\gateway\adafruit_adafruit_samd_adafruit_feather_m0_express\Debug\RadioHead\RHRouter.cpp.o
LOAD C:\Users\sam\AppData\Local\Temp\VMBuilds\gateway\adafruit_adafruit_samd_adafruit_feather_m0_express\Debug\RadioHead\RHSoftwareSPI.cpp.o
LOAD C:\Users\sam\AppData\Local\Temp\VMBuilds\gateway\adafruit_adafruit_samd_adafruit_feather_m0_express\Debug\RadioHead\RHSPIDriver.cpp.o
LOAD C:\Users\sam\AppData\Local\Temp\VMBuilds\gateway\adafruit_adafruit_samd_adafruit_feather_m0_express\Debug\RadioHead\RH_ASK.cpp.o
LOAD C:\Users\sam\AppData\Local\Temp\VMBuilds\gateway\adafruit_adafruit_samd_adafruit_feather_m0_express\Debug\RadioHead\RH_CC110.cpp.o
LOAD C:\Users\sam\AppData\Local\Temp\VMBuilds\gateway\adafruit_adafruit_samd_adafruit_feather_m0_express\Debug\RadioHead\RH_MRF89.cpp.o
LOAD C:\Users\sam\AppData\Local\Temp\VMBuilds\gateway\adafruit_adafruit_samd_adafruit_feather_m0_express\Debug\RadioHead\RH_NRF24.cpp.o
LOAD C:\Users\sam\AppData\Local\Temp\VMBuilds\gateway\adafruit_adafruit_samd_adafruit_feather_m0_express\Debug\RadioHead\RH_NRF51.cpp.o
LOAD C:\Users\sam\AppData\Local\Temp\VMBuilds\gateway\adafruit_adafruit_samd_adafruit_feather_m0_express\Debug\RadioHead\RH_NRF905.cpp.o
LOAD C:\Users\sam\AppData\Local\Temp\VMBuilds\gateway\adafruit_adafruit_samd_adafruit_feather_m0_express\Debug\RadioHead\RH_RF22.cpp.o
LOAD C:\Users\sam\AppData\Local\Temp\VMBuilds\gateway\adafruit_adafruit_samd_adafruit_feather_m0_express\Debug\RadioHead\RH_RF24.cpp.o
LOAD C:\Users\sam\AppData\Local\Temp\VMBuilds\gateway\adafruit_adafruit_samd_adafruit_feather_m0_express\Debug\RadioHead\RH_RF69.cpp.o
LOAD C:\Users\sam\AppData\Local\Temp\VMBuilds\gateway\adafruit_adafruit_samd_adafruit_feather_m0_express\Debug\RadioHead\RH_RF95.cpp.o
LOAD C:\Users\sam\AppData\Local\Temp\VMBuilds\gateway\adafruit_adafruit_samd_adafruit_feather_m0_express\Debug\RadioHead\RH_Serial.cpp.o
LOAD C:\Users\sam\AppData\Local\Temp\VMBuilds\gateway\adafruit_adafruit_samd_adafruit_feather_m0_express\Debug\RadioHead\RH_TCP.cpp.o
LOAD C:\Users\sam\AppData\Local\Temp\VMBuilds\gateway\adafruit_adafruit_samd_adafruit_feather_m0_express\Debug\SPI\SPI.cpp.o
LOAD C:\Users\sam\AppData\Local\Temp\VMBuilds\gateway\adafruit_adafruit_samd_adafruit_feather_m0_express\Debug\VM_DBG\VM_DBG.cpp.o
LOAD C:\Users\sam\AppData\Local\Temp\VMBuilds\gateway\adafruit_adafruit_samd_adafruit_feather_m0_express\Debug\VM_DBG\VM_mem_check_sam.cpp.o
LOAD C:\Users\sam\AppData\Local\Temp\VMBuilds\gateway\adafruit_adafruit_samd_adafruit_feather_m0_express\Debug\node.cpp.o
LOAD C:\Users\sam\AppData\Local\Temp\VMBuilds\gateway\adafruit_adafruit_samd_adafruit_feather_m0_express\Debug\nodelist.cpp.o
LOAD C:\Users\sam\AppData\Local\Temp\VMBuilds\gateway\adafruit_adafruit_samd_adafruit_feather_m0_express\Debug\variant\variant.cpp.o
START GROUP
LOAD C:\Users\sam\AppData\Local\arduino15\packages\arduino\tools\CMSIS\4.5.0/CMSIS/Lib/GCC/\libarm_cortexM0l_math.a
LOAD C:\Users\sam\AppData\Local\arduino15\packages\adafruit\hardware\samd\1.0.15\variants\feather_m0_express\libsamd21_qtouch_gcc.a
LOAD c:/users/sam/appdata/local/arduino15/packages/arduino/tools/arm-none-eabi-gcc/4.8.3-2014q1/bin/../lib/gcc/arm-none-eabi/4.8.3/../../../../arm-none-eabi/lib/armv6-m\libm.a
LOAD C:\Users\sam\AppData\Local\Temp\VMBuilds\gateway\adafruit_adafruit_samd_adafruit_feather_m0_express\Debug/core.a
END GROUP
START GROUP
LOAD c:/users/sam/appdata/local/arduino15/packages/arduino/tools/arm-none-eabi-gcc/4.8.3-2014q1/bin/../lib/gcc/arm-none-eabi/4.8.3/armv6-m\libgcc.a
LOAD c:/users/sam/appdata/local/arduino15/packages/arduino/tools/arm-none-eabi-gcc/4.8.3-2014q1/bin/../lib/gcc/arm-none-eabi/4.8.3/../../../../arm-none-eabi/lib/armv6-m\libc_s.a
END GROUP
START GROUP
LOAD c:/users/sam/appdata/local/arduino15/packages/arduino/tools/arm-none-eabi-gcc/4.8.3-2014q1/bin/../lib/gcc/arm-none-eabi/4.8.3/armv6-m\libgcc.a
LOAD c:/users/sam/appdata/local/arduino15/packages/arduino/tools/arm-none-eabi-gcc/4.8.3-2014q1/bin/../lib/gcc/arm-none-eabi/4.8.3/../../../../arm-none-eabi/lib/armv6-m\libc_s.a
LOAD c:/users/sam/appdata/local/arduino15/packages/arduino/tools/arm-none-eabi-gcc/4.8.3-2014q1/bin/../lib/gcc/arm-none-eabi/4.8.3/../../../../arm-none-eabi/lib/armv6-m\libnosys.a
END GROUP
START GROUP
LOAD c:/users/sam/appdata/local/arduino15/packages/arduino/tools/arm-none-eabi-gcc/4.8.3-2014q1/bin/../lib/gcc/arm-none-eabi/4.8.3/armv6-m\libgcc.a
LOAD c:/users/sam/appdata/local/arduino15/packages/arduino/tools/arm-none-eabi-gcc/4.8.3-2014q1/bin/../lib/gcc/arm-none-eabi/4.8.3/../../../../arm-none-eabi/lib/armv6-m\libc_s.a
LOAD c:/users/sam/appdata/local/arduino15/packages/arduino/tools/arm-none-eabi-gcc/4.8.3-2014q1/bin/../lib/gcc/arm-none-eabi/4.8.3/../../../../arm-none-eabi/lib/armv6-m\libnosys.a
END GROUP
LOAD c:/users/sam/appdata/local/arduino15/packages/arduino/tools/arm-none-eabi-gcc/4.8.3-2014q1/bin/../lib/gcc/arm-none-eabi/4.8.3/armv6-m/crtend.o
LOAD c:/users/sam/appdata/local/arduino15/packages/arduino/tools/arm-none-eabi-gcc/4.8.3-2014q1/bin/../lib/gcc/arm-none-eabi/4.8.3/armv6-m/crtn.o

.text           0x00002000     0x5c44
                0x00002000                __text_start__ = .
 *(.isr_vector)
 .isr_vector    0x00002000       0xb4 C:\Users\sam\AppData\Local\Temp\VMBuilds\gateway\adafruit_adafruit_samd_adafruit_feather_m0_express\Debug/core.a(cortex_handlers.c.o)
                0x00002000                exception_table
 *(.text*)
 .text          0x000020b4       0x60 c:/users/sam/appdata/local/arduino15/packages/arduino/tools/arm-none-eabi-gcc/4.8.3-2014q1/bin/../lib/gcc/arm-none-eabi/4.8.3/armv6-m/crtbegin.o
 .text._Z5Blinkhhh
                0x00002114       0x32 C:\Users\sam\AppData\Local\Temp\VMBuilds\gateway\adafruit_adafruit_samd_adafruit_feather_m0_express\Debug\gateway.cpp.o
                0x00002114                Blink(unsigned char, unsigned char, unsigned char)
 *fill*         0x00002146        0x2 
 .text.startup._GLOBAL__sub_I___VisualMicro_DEBUG_1_HITCOUNTER__
                0x00002148       0x3c C:\Users\sam\AppData\Local\Temp\VMBuilds\gateway\adafruit_adafruit_samd_adafruit_feather_m0_express\Debug\gateway.cpp.o
 .text.setup    0x00002184      0x13c C:\Users\sam\AppData\Local\Temp\VMBuilds\gateway\adafruit_adafruit_samd_adafruit_feather_m0_express\Debug\gateway.cpp.o
                0x00002184                setup
 .text.loop     0x000022c0      0x174 C:\Users\sam\AppData\Local\Temp\VMBuilds\gateway\adafruit_adafruit_samd_adafruit_feather_m0_express\Debug\gateway.cpp.o
                0x000022c0                loop
 .text._ZN10RHDatagramC2ER15RHGenericDriverh
                0x00002434        0x6 C:\Users\sam\AppData\Local\Temp\VMBuilds\gateway\adafruit_adafruit_samd_adafruit_feather_m0_express\Debug\RadioHead\RHDatagram.cpp.o
                0x00002434                RHDatagram::RHDatagram(RHGenericDriver&, unsigned char)
                0x00002434                RHDatagram::RHDatagram(RHGenericDriver&, unsigned char)
 .text._ZN15RHGenericDriver4initEv
                0x0000243a        0x4 C:\Users\sam\AppData\Local\Temp\VMBuilds\gateway\adafruit_adafruit_samd_adafruit_feather_m0_express\Debug\RadioHead\RHGenericDriver.cpp.o
                0x0000243a                RHGenericDriver::init()
 .text._ZN15RHGenericDriver15isChannelActiveEv
                0x0000243e        0x4 C:\Users\sam\AppData\Local\Temp\VMBuilds\gateway\adafruit_adafruit_samd_adafruit_feather_m0_express\Debug\RadioHead\RHGenericDriver.cpp.o
                0x0000243e                RHGenericDriver::isChannelActive()
 .text._ZN15RHGenericDriver14setPromiscuousEb
                0x00002442        0x4 C:\Users\sam\AppData\Local\Temp\VMBuilds\gateway\adafruit_adafruit_samd_adafruit_feather_m0_express\Debug\RadioHead\RHGenericDriver.cpp.o
                0x00002442                RHGenericDriver::setPromiscuous(bool)
 .text._ZN15RHGenericDriver14setThisAddressEh
                0x00002446        0x4 C:\Users\sam\AppData\Local\Temp\VMBuilds\gateway\adafruit_adafruit_samd_adafruit_feather_m0_express\Debug\RadioHead\RHGenericDriver.cpp.o
                0x00002446                RHGenericDriver::setThisAddress(unsigned char)
 .text._ZN15RHGenericDriver11setHeaderToEh
                0x0000244a        0x4 C:\Users\sam\AppData\Local\Temp\VMBuilds\gateway\adafruit_adafruit_samd_adafruit_feather_m0_express\Debug\RadioHead\RHGenericDriver.cpp.o
                0x0000244a                RHGenericDriver::setHeaderTo(unsigned char)
 .text._ZN15RHGenericDriver13setHeaderFromEh
                0x0000244e        0x4 C:\Users\sam\AppData\Local\Temp\VMBuilds\gateway\adafruit_adafruit_samd_adafruit_feather_m0_express\Debug\RadioHead\RHGenericDriver.cpp.o
                0x0000244e                RHGenericDriver::setHeaderFrom(unsigned char)
 .text._ZN15RHGenericDriver11setHeaderIdEh
                0x00002452        0x4 C:\Users\sam\AppData\Local\Temp\VMBuilds\gateway\adafruit_adafruit_samd_adafruit_feather_m0_express\Debug\RadioHead\RHGenericDriver.cpp.o
                0x00002452                RHGenericDriver::setHeaderId(unsigned char)
 .text._ZN15RHGenericDriver14setHeaderFlagsEhh
                0x00002456        0xa C:\Users\sam\AppData\Local\Temp\VMBuilds\gateway\adafruit_adafruit_samd_adafruit_feather_m0_express\Debug\RadioHead\RHGenericDriver.cpp.o
                0x00002456                RHGenericDriver::setHeaderFlags(unsigned char, unsigned char)
 .text._ZN15RHGenericDriver8headerToEv
                0x00002460        0x6 C:\Users\sam\AppData\Local\Temp\VMBuilds\gateway\adafruit_adafruit_samd_adafruit_feather_m0_express\Debug\RadioHead\RHGenericDriver.cpp.o
                0x00002460                RHGenericDriver::headerTo()
 .text._ZN15RHGenericDriver10headerFromEv
                0x00002466        0x6 C:\Users\sam\AppData\Local\Temp\VMBuilds\gateway\adafruit_adafruit_samd_adafruit_feather_m0_express\Debug\RadioHead\RHGenericDriver.cpp.o
                0x00002466                RHGenericDriver::headerFrom()
 .text._ZN15RHGenericDriver8headerIdEv
                0x0000246c        0x6 C:\Users\sam\AppData\Local\Temp\VMBuilds\gateway\adafruit_adafruit_samd_adafruit_feather_m0_express\Debug\RadioHead\RHGenericDriver.cpp.o
                0x0000246c                RHGenericDriver::headerId()
 .text._ZN15RHGenericDriver11headerFlagsEv
                0x00002472        0x6 C:\Users\sam\AppData\Local\Temp\VMBuilds\gateway\adafruit_adafruit_samd_adafruit_feather_m0_express\Debug\RadioHead\RHGenericDriver.cpp.o
                0x00002472                RHGenericDriver::headerFlags()
 .text._ZN15RHGenericDriver5sleepEv
                0x00002478        0x4 C:\Users\sam\AppData\Local\Temp\VMBuilds\gateway\adafruit_adafruit_samd_adafruit_feather_m0_express\Debug\RadioHead\RHGenericDriver.cpp.o
                0x00002478                RHGenericDriver::sleep()
 .text._ZN15RHGenericDriver13waitAvailableEv
                0x0000247c       0x18 C:\Users\sam\AppData\Local\Temp\VMBuilds\gateway\adafruit_adafruit_samd_adafruit_feather_m0_express\Debug\RadioHead\RHGenericDriver.cpp.o
                0x0000247c                RHGenericDriver::waitAvailable()
 .text._ZN15RHGenericDriver14waitPacketSentEv
                0x00002494       0x14 C:\Users\sam\AppData\Local\Temp\VMBuilds\gateway\adafruit_adafruit_samd_adafruit_feather_m0_express\Debug\RadioHead\RHGenericDriver.cpp.o
                0x00002494                RHGenericDriver::waitPacketSent()
 .text._ZN15RHGenericDriver20waitAvailableTimeoutEt
                0x000024a8       0x30 C:\Users\sam\AppData\Local\Temp\VMBuilds\gateway\adafruit_adafruit_samd_adafruit_feather_m0_express\Debug\RadioHead\RHGenericDriver.cpp.o
                0x000024a8                RHGenericDriver::waitAvailableTimeout(unsigned short)
 .text._ZN15RHGenericDriver14waitPacketSentEt
                0x000024d8       0x2a C:\Users\sam\AppData\Local\Temp\VMBuilds\gateway\adafruit_adafruit_samd_adafruit_feather_m0_express\Debug\RadioHead\RHGenericDriver.cpp.o
                0x000024d8                RHGenericDriver::waitPacketSent(unsigned short)
 .text._ZN15RHGenericDriver7waitCADEv
                0x00002502       0x44 C:\Users\sam\AppData\Local\Temp\VMBuilds\gateway\adafruit_adafruit_samd_adafruit_feather_m0_express\Debug\RadioHead\RHGenericDriver.cpp.o
                0x00002502                RHGenericDriver::waitCAD()
 *fill*         0x00002546        0x2 
 .text._ZN15RHGenericDriverC2Ev
                0x00002548       0x24 C:\Users\sam\AppData\Local\Temp\VMBuilds\gateway\adafruit_adafruit_samd_adafruit_feather_m0_express\Debug\RadioHead\RHGenericDriver.cpp.o
                0x00002548                RHGenericDriver::RHGenericDriver()
                0x00002548                RHGenericDriver::RHGenericDriver()
 .text._ZN12RHGenericSPI15attachInterruptEv
                0x0000256c        0x2 C:\Users\sam\AppData\Local\Temp\VMBuilds\gateway\adafruit_adafruit_samd_adafruit_feather_m0_express\Debug\RadioHead\RHGenericSPI.cpp.o
                0x0000256c                RHGenericSPI::attachInterrupt()
 .text._ZN12RHGenericSPI15detachInterruptEv
                0x0000256e        0x2 C:\Users\sam\AppData\Local\Temp\VMBuilds\gateway\adafruit_adafruit_samd_adafruit_feather_m0_express\Debug\RadioHead\RHGenericSPI.cpp.o
                0x0000256e                RHGenericSPI::detachInterrupt()
 .text._ZN12RHGenericSPI11setBitOrderENS_8BitOrderE
                0x00002570        0x4 C:\Users\sam\AppData\Local\Temp\VMBuilds\gateway\adafruit_adafruit_samd_adafruit_feather_m0_express\Debug\RadioHead\RHGenericSPI.cpp.o
                0x00002570                RHGenericSPI::setBitOrder(RHGenericSPI::BitOrder)
 .text._ZN12RHGenericSPI11setDataModeENS_8DataModeE
                0x00002574        0x4 C:\Users\sam\AppData\Local\Temp\VMBuilds\gateway\adafruit_adafruit_samd_adafruit_feather_m0_express\Debug\RadioHead\RHGenericSPI.cpp.o
                0x00002574                RHGenericSPI::setDataMode(RHGenericSPI::DataMode)
 .text._ZN12RHGenericSPI12setFrequencyENS_9FrequencyE
                0x00002578        0x4 C:\Users\sam\AppData\Local\Temp\VMBuilds\gateway\adafruit_adafruit_samd_adafruit_feather_m0_express\Debug\RadioHead\RHGenericSPI.cpp.o
                0x00002578                RHGenericSPI::setFrequency(RHGenericSPI::Frequency)
 .text._ZN12RHGenericSPIC2ENS_9FrequencyENS_8BitOrderENS_8DataModeE
                0x0000257c       0x24 C:\Users\sam\AppData\Local\Temp\VMBuilds\gateway\adafruit_adafruit_samd_adafruit_feather_m0_express\Debug\RadioHead\RHGenericSPI.cpp.o
                0x0000257c                RHGenericSPI::RHGenericSPI(RHGenericSPI::Frequency, RHGenericSPI::BitOrder, RHGenericSPI::DataMode)
                0x0000257c                RHGenericSPI::RHGenericSPI(RHGenericSPI::Frequency, RHGenericSPI::BitOrder, RHGenericSPI::DataMode)
 .text._ZN13RHHardwareSPI8transferEh
                0x000025a0       0x10 C:\Users\sam\AppData\Local\Temp\VMBuilds\gateway\adafruit_adafruit_samd_adafruit_feather_m0_express\Debug\RadioHead\RHHardwareSPI.cpp.o
                0x000025a0                RHHardwareSPI::transfer(unsigned char)
 .text._ZN13RHHardwareSPI15attachInterruptEv
                0x000025b0       0x10 C:\Users\sam\AppData\Local\Temp\VMBuilds\gateway\adafruit_adafruit_samd_adafruit_feather_m0_express\Debug\RadioHead\RHHardwareSPI.cpp.o
                0x000025b0                RHHardwareSPI::attachInterrupt()
 .text._ZN13RHHardwareSPI15detachInterruptEv
                0x000025c0       0x10 C:\Users\sam\AppData\Local\Temp\VMBuilds\gateway\adafruit_adafruit_samd_adafruit_feather_m0_express\Debug\RadioHead\RHHardwareSPI.cpp.o
                0x000025c0                RHHardwareSPI::detachInterrupt()
 .text._ZN13RHHardwareSPI3endEv
                0x000025d0       0x10 C:\Users\sam\AppData\Local\Temp\VMBuilds\gateway\adafruit_adafruit_samd_adafruit_feather_m0_express\Debug\RadioHead\RHHardwareSPI.cpp.o
                0x000025d0                RHHardwareSPI::end()
 .text._ZN13RHHardwareSPI5beginEv
                0x000025e0       0xa8 C:\Users\sam\AppData\Local\Temp\VMBuilds\gateway\adafruit_adafruit_samd_adafruit_feather_m0_express\Debug\RadioHead\RHHardwareSPI.cpp.o
                0x000025e0                RHHardwareSPI::begin()
 .text._ZN13RHHardwareSPIC2EN12RHGenericSPI9FrequencyENS0_8BitOrderENS0_8DataModeE
                0x00002688       0x18 C:\Users\sam\AppData\Local\Temp\VMBuilds\gateway\adafruit_adafruit_samd_adafruit_feather_m0_express\Debug\RadioHead\RHHardwareSPI.cpp.o
                0x00002688                RHHardwareSPI::RHHardwareSPI(RHGenericSPI::Frequency, RHGenericSPI::BitOrder, RHGenericSPI::DataMode)
                0x00002688                RHHardwareSPI::RHHardwareSPI(RHGenericSPI::Frequency, RHGenericSPI::BitOrder, RHGenericSPI::DataMode)
 .text.startup._GLOBAL__sub_I_hardware_spi
                0x000026a0       0x14 C:\Users\sam\AppData\Local\Temp\VMBuilds\gateway\adafruit_adafruit_samd_adafruit_feather_m0_express\Debug\RadioHead\RHHardwareSPI.cpp.o
 .text._ZL12__iCliRetValv
                0x000026b4       0x12 C:\Users\sam\AppData\Local\Temp\VMBuilds\gateway\adafruit_adafruit_samd_adafruit_feather_m0_express\Debug\RadioHead\RHSPIDriver.cpp.o
 .text._ZN11RHSPIDriver4initEv
                0x000026c6       0x28 C:\Users\sam\AppData\Local\Temp\VMBuilds\gateway\adafruit_adafruit_samd_adafruit_feather_m0_express\Debug\RadioHead\RHSPIDriver.cpp.o
                0x000026c6                RHSPIDriver::init()
 .text._ZL10__iRestorePKm.isra.0
                0x000026ee       0x1e C:\Users\sam\AppData\Local\Temp\VMBuilds\gateway\adafruit_adafruit_samd_adafruit_feather_m0_express\Debug\RadioHead\RHSPIDriver.cpp.o
 .text._ZN11RHSPIDriverC2EhR12RHGenericSPI
                0x0000270c       0x20 C:\Users\sam\AppData\Local\Temp\VMBuilds\gateway\adafruit_adafruit_samd_adafruit_feather_m0_express\Debug\RadioHead\RHSPIDriver.cpp.o
                0x0000270c                RHSPIDriver::RHSPIDriver(unsigned char, RHGenericSPI&)
                0x0000270c                RHSPIDriver::RHSPIDriver(unsigned char, RHGenericSPI&)
 .text._ZN11RHSPIDriver7spiReadEh
                0x0000272c       0x60 C:\Users\sam\AppData\Local\Temp\VMBuilds\gateway\adafruit_adafruit_samd_adafruit_feather_m0_express\Debug\RadioHead\RHSPIDriver.cpp.o
                0x0000272c                RHSPIDriver::spiRead(unsigned char)
 .text._ZN11RHSPIDriver8spiWriteEhh
                0x0000278c       0x6c C:\Users\sam\AppData\Local\Temp\VMBuilds\gateway\adafruit_adafruit_samd_adafruit_feather_m0_express\Debug\RadioHead\RHSPIDriver.cpp.o
                0x0000278c                RHSPIDriver::spiWrite(unsigned char, unsigned char)
 .text._ZN11RHSPIDriver13spiBurstWriteEhPKhh
                0x000027f8       0x80 C:\Users\sam\AppData\Local\Temp\VMBuilds\gateway\adafruit_adafruit_samd_adafruit_feather_m0_express\Debug\RadioHead\RHSPIDriver.cpp.o
                0x000027f8                RHSPIDriver::spiBurstWrite(unsigned char, unsigned char const*, unsigned char)
 .text._ZN6RH_ASK6readRxEv
                0x00002878       0x16 C:\Users\sam\AppData\Local\Temp\VMBuilds\gateway\adafruit_adafruit_samd_adafruit_feather_m0_express\Debug\RadioHead\RH_ASK.cpp.o
                0x00002878                RH_ASK::readRx()
 .text._ZN6RH_ASK7writeTxEb
                0x0000288e        0xa C:\Users\sam\AppData\Local\Temp\VMBuilds\gateway\adafruit_adafruit_samd_adafruit_feather_m0_express\Debug\RadioHead\RH_ASK.cpp.o
                0x0000288e                RH_ASK::writeTx(bool)
 .text._ZN6RH_ASK8writePttEb
                0x00002898       0x14 C:\Users\sam\AppData\Local\Temp\VMBuilds\gateway\adafruit_adafruit_samd_adafruit_feather_m0_express\Debug\RadioHead\RH_ASK.cpp.o
                0x00002898                RH_ASK::writePtt(bool)
 .text._ZN6RH_ASK11setModeIdleEv
                0x000028ac       0x1e C:\Users\sam\AppData\Local\Temp\VMBuilds\gateway\adafruit_adafruit_samd_adafruit_feather_m0_express\Debug\RadioHead\RH_ASK.cpp.o
                0x000028ac                RH_ASK::setModeIdle()
 *fill*         0x000028ca        0x2 
 .text._ZN6RH_ASK11symbol_6to4Eh
                0x000028cc       0x28 C:\Users\sam\AppData\Local\Temp\VMBuilds\gateway\adafruit_adafruit_samd_adafruit_feather_m0_express\Debug\RadioHead\RH_ASK.cpp.o
                0x000028cc                RH_ASK::symbol_6to4(unsigned char)
 .text._ZN6RH_ASK12receiveTimerEv
                0x000028f4      0x120 C:\Users\sam\AppData\Local\Temp\VMBuilds\gateway\adafruit_adafruit_samd_adafruit_feather_m0_express\Debug\RadioHead\RH_ASK.cpp.o
                0x000028f4                RH_ASK::receiveTimer()
 .text._ZN6RH_ASK13transmitTimerEv
                0x00002a14       0x66 C:\Users\sam\AppData\Local\Temp\VMBuilds\gateway\adafruit_adafruit_samd_adafruit_feather_m0_express\Debug\RadioHead\RH_ASK.cpp.o
                0x00002a14                RH_ASK::transmitTimer()
 .text._ZN6RH_ASK20handleTimerInterruptEv
                0x00002a7a       0x1a C:\Users\sam\AppData\Local\Temp\VMBuilds\gateway\adafruit_adafruit_samd_adafruit_feather_m0_express\Debug\RadioHead\RH_ASK.cpp.o
                0x00002a7a                RH_ASK::handleTimerInterrupt()
 .text.TC3_Handler
                0x00002a94       0x20 C:\Users\sam\AppData\Local\Temp\VMBuilds\gateway\adafruit_adafruit_samd_adafruit_feather_m0_express\Debug\RadioHead\RH_ASK.cpp.o
                0x00002a94                TC3_Handler
 .text._ZL12__iCliRetValv
                0x00002ab4       0x12 C:\Users\sam\AppData\Local\Temp\VMBuilds\gateway\adafruit_adafruit_samd_adafruit_feather_m0_express\Debug\RadioHead\RH_RF69.cpp.o
 .text._ZN7RH_RF6916maxMessageLengthEv
                0x00002ac6        0x4 C:\Users\sam\AppData\Local\Temp\VMBuilds\gateway\adafruit_adafruit_samd_adafruit_feather_m0_express\Debug\RadioHead\RH_RF69.cpp.o
                0x00002ac6                RH_RF69::maxMessageLength()
 .text._ZL10__iRestorePKm.isra.0
                0x00002aca       0x1e C:\Users\sam\AppData\Local\Temp\VMBuilds\gateway\adafruit_adafruit_samd_adafruit_feather_m0_express\Debug\RadioHead\RH_RF69.cpp.o
 .text._ZN7RH_RF695sleepEv
                0x00002ae8       0x1a C:\Users\sam\AppData\Local\Temp\VMBuilds\gateway\adafruit_adafruit_samd_adafruit_feather_m0_express\Debug\RadioHead\RH_RF69.cpp.o
                0x00002ae8                RH_RF69::sleep()
 .text._ZN7RH_RF694recvEPhS0_
                0x00002b02       0x52 C:\Users\sam\AppData\Local\Temp\VMBuilds\gateway\adafruit_adafruit_samd_adafruit_feather_m0_express\Debug\RadioHead\RH_RF69.cpp.o
                0x00002b02                RH_RF69::recv(unsigned char*, unsigned char*)
 .text._ZN7RH_RF69C2EhhR12RHGenericSPI
                0x00002b54       0x2c C:\Users\sam\AppData\Local\Temp\VMBuilds\gateway\adafruit_adafruit_samd_adafruit_feather_m0_express\Debug\RadioHead\RH_RF69.cpp.o
                0x00002b54                RH_RF69::RH_RF69(unsigned char, unsigned char, RHGenericSPI&)
                0x00002b54                RH_RF69::RH_RF69(unsigned char, unsigned char, RHGenericSPI&)
 .text._ZN7RH_RF698readFifoEv
                0x00002b80       0xd2 C:\Users\sam\AppData\Local\Temp\VMBuilds\gateway\adafruit_adafruit_samd_adafruit_feather_m0_express\Debug\RadioHead\RH_RF69.cpp.o
                0x00002b80                RH_RF69::readFifo()
 *fill*         0x00002c52        0x6 
 .text._ZN7RH_RF6912setFrequencyEff
                0x00002c58       0x58 C:\Users\sam\AppData\Local\Temp\VMBuilds\gateway\adafruit_adafruit_samd_adafruit_feather_m0_express\Debug\RadioHead\RH_RF69.cpp.o
                0x00002c58                RH_RF69::setFrequency(float, float)
 .text._ZN7RH_RF699setOpModeEh
                0x00002cb0       0x30 C:\Users\sam\AppData\Local\Temp\VMBuilds\gateway\adafruit_adafruit_samd_adafruit_feather_m0_express\Debug\RadioHead\RH_RF69.cpp.o
                0x00002cb0                RH_RF69::setOpMode(unsigned char)
 .text._ZN7RH_RF6911setModeIdleEv
                0x00002ce0       0x36 C:\Users\sam\AppData\Local\Temp\VMBuilds\gateway\adafruit_adafruit_samd_adafruit_feather_m0_express\Debug\RadioHead\RH_RF69.cpp.o
                0x00002ce0                RH_RF69::setModeIdle()
 .text._ZN7RH_RF6915handleInterruptEv
                0x00002d16       0x58 C:\Users\sam\AppData\Local\Temp\VMBuilds\gateway\adafruit_adafruit_samd_adafruit_feather_m0_express\Debug\RadioHead\RH_RF69.cpp.o
                0x00002d16                RH_RF69::handleInterrupt()
 *fill*         0x00002d6e        0x2 
 .text._ZN7RH_RF694isr0Ev
                0x00002d70       0x14 C:\Users\sam\AppData\Local\Temp\VMBuilds\gateway\adafruit_adafruit_samd_adafruit_feather_m0_express\Debug\RadioHead\RH_RF69.cpp.o
                0x00002d70                RH_RF69::isr0()
 .text._ZN7RH_RF694isr1Ev
                0x00002d84       0x14 C:\Users\sam\AppData\Local\Temp\VMBuilds\gateway\adafruit_adafruit_samd_adafruit_feather_m0_express\Debug\RadioHead\RH_RF69.cpp.o
                0x00002d84                RH_RF69::isr1()
 .text._ZN7RH_RF694isr2Ev
                0x00002d98       0x14 C:\Users\sam\AppData\Local\Temp\VMBuilds\gateway\adafruit_adafruit_samd_adafruit_feather_m0_express\Debug\RadioHead\RH_RF69.cpp.o
                0x00002d98                RH_RF69::isr2()
 .text._ZN7RH_RF699setModeRxEv
                0x00002dac       0x3e C:\Users\sam\AppData\Local\Temp\VMBuilds\gateway\adafruit_adafruit_samd_adafruit_feather_m0_express\Debug\RadioHead\RH_RF69.cpp.o
                0x00002dac                RH_RF69::setModeRx()
 .text._ZN7RH_RF699availableEv
                0x00002dea       0x1a C:\Users\sam\AppData\Local\Temp\VMBuilds\gateway\adafruit_adafruit_samd_adafruit_feather_m0_express\Debug\RadioHead\RH_RF69.cpp.o
                0x00002dea                RH_RF69::available()
 .text._ZN7RH_RF699setModeTxEv
                0x00002e04       0x3e C:\Users\sam\AppData\Local\Temp\VMBuilds\gateway\adafruit_adafruit_samd_adafruit_feather_m0_express\Debug\RadioHead\RH_RF69.cpp.o
                0x00002e04                RH_RF69::setModeTx()
 .text._ZN7RH_RF694sendEPKhh
                0x00002e42       0xba C:\Users\sam\AppData\Local\Temp\VMBuilds\gateway\adafruit_adafruit_samd_adafruit_feather_m0_express\Debug\RadioHead\RH_RF69.cpp.o
                0x00002e42                RH_RF69::send(unsigned char const*, unsigned char)
 .text._ZN7RH_RF6910setTxPowerEab
                0x00002efc       0x68 C:\Users\sam\AppData\Local\Temp\VMBuilds\gateway\adafruit_adafruit_samd_adafruit_feather_m0_express\Debug\RadioHead\RH_RF69.cpp.o
                0x00002efc                RH_RF69::setTxPower(signed char, bool)
 .text._ZN7RH_RF6917setModemRegistersEPKNS_11ModemConfigE
                0x00002f64       0x28 C:\Users\sam\AppData\Local\Temp\VMBuilds\gateway\adafruit_adafruit_samd_adafruit_feather_m0_express\Debug\RadioHead\RH_RF69.cpp.o
                0x00002f64                RH_RF69::setModemRegisters(RH_RF69::ModemConfig const*)
 .text._ZN7RH_RF6914setModemConfigENS_17ModemConfigChoiceE
                0x00002f8c       0x28 C:\Users\sam\AppData\Local\Temp\VMBuilds\gateway\adafruit_adafruit_samd_adafruit_feather_m0_express\Debug\RadioHead\RH_RF69.cpp.o
                0x00002f8c                RH_RF69::setModemConfig(RH_RF69::ModemConfigChoice)
 .text._ZN7RH_RF6917setPreambleLengthEt
                0x00002fb4       0x1a C:\Users\sam\AppData\Local\Temp\VMBuilds\gateway\adafruit_adafruit_samd_adafruit_feather_m0_express\Debug\RadioHead\RH_RF69.cpp.o
                0x00002fb4                RH_RF69::setPreambleLength(unsigned short)
 .text._ZN7RH_RF6912setSyncWordsEPKhh
                0x00002fce       0x4e C:\Users\sam\AppData\Local\Temp\VMBuilds\gateway\adafruit_adafruit_samd_adafruit_feather_m0_express\Debug\RadioHead\RH_RF69.cpp.o
                0x00002fce                RH_RF69::setSyncWords(unsigned char const*, unsigned char)
 .text._ZN7RH_RF6916setEncryptionKeyEPh
                0x0000301c       0x38 C:\Users\sam\AppData\Local\Temp\VMBuilds\gateway\adafruit_adafruit_samd_adafruit_feather_m0_express\Debug\RadioHead\RH_RF69.cpp.o
                0x0000301c                RH_RF69::setEncryptionKey(unsigned char*)
 .text._ZN7RH_RF694initEv
                0x00003054      0x104 C:\Users\sam\AppData\Local\Temp\VMBuilds\gateway\adafruit_adafruit_samd_adafruit_feather_m0_express\Debug\RadioHead\RH_RF69.cpp.o
                0x00003054                RH_RF69::init()
 .text._ZN8SPIClass4initEv
                0x00003158       0x12 C:\Users\sam\AppData\Local\Temp\VMBuilds\gateway\adafruit_adafruit_samd_adafruit_feather_m0_express\Debug\SPI\SPI.cpp.o
                0x00003158                SPIClass::init()
 .text._ZN8SPIClass6configE11SPISettings
                0x0000316a       0x36 C:\Users\sam\AppData\Local\Temp\VMBuilds\gateway\adafruit_adafruit_samd_adafruit_feather_m0_express\Debug\SPI\SPI.cpp.o
                0x0000316a                SPIClass::config(SPISettings)
 .text._ZN8SPIClass5beginEv
                0x000031a0       0x50 C:\Users\sam\AppData\Local\Temp\VMBuilds\gateway\adafruit_adafruit_samd_adafruit_feather_m0_express\Debug\SPI\SPI.cpp.o
                0x000031a0                SPIClass::begin()
 .text._ZN8SPIClass3endEv
                0x000031f0       0x10 C:\Users\sam\AppData\Local\Temp\VMBuilds\gateway\adafruit_adafruit_samd_adafruit_feather_m0_express\Debug\SPI\SPI.cpp.o
                0x000031f0                SPIClass::end()
 .text._ZN8SPIClass16beginTransactionE11SPISettings
                0x00003200       0x38 C:\Users\sam\AppData\Local\Temp\VMBuilds\gateway\adafruit_adafruit_samd_adafruit_feather_m0_express\Debug\SPI\SPI.cpp.o
                0x00003200                SPIClass::beginTransaction(SPISettings)
 .text._ZN8SPIClass14endTransactionEv
                0x00003238       0x24 C:\Users\sam\AppData\Local\Temp\VMBuilds\gateway\adafruit_adafruit_samd_adafruit_feather_m0_express\Debug\SPI\SPI.cpp.o
                0x00003238                SPIClass::endTransaction()
 .text._ZN8SPIClass8transferEh
                0x0000325c        0xa C:\Users\sam\AppData\Local\Temp\VMBuilds\gateway\adafruit_adafruit_samd_adafruit_feather_m0_express\Debug\SPI\SPI.cpp.o
                0x0000325c                SPIClass::transfer(unsigned char)
 .text._ZN8SPIClass15attachInterruptEv
                0x00003266        0x2 C:\Users\sam\AppData\Local\Temp\VMBuilds\gateway\adafruit_adafruit_samd_adafruit_feather_m0_express\Debug\SPI\SPI.cpp.o
                0x00003266                SPIClass::attachInterrupt()
 .text._ZN8SPIClass15detachInterruptEv
                0x00003268        0x2 C:\Users\sam\AppData\Local\Temp\VMBuilds\gateway\adafruit_adafruit_samd_adafruit_feather_m0_express\Debug\SPI\SPI.cpp.o
                0x00003268                SPIClass::detachInterrupt()
 *fill*         0x0000326a        0x2 
 .text.startup._GLOBAL__sub_I__ZN8SPIClassC2EP6SERCOMhhh14SercomSpiTXPad11SercomRXPad
                0x0000326c       0x5c C:\Users\sam\AppData\Local\Temp\VMBuilds\gateway\adafruit_adafruit_samd_adafruit_feather_m0_express\Debug\SPI\SPI.cpp.o
 .text._ZN16VisualMicroDebug10DBG_MillisEv
                0x000032c8        0x8 C:\Users\sam\AppData\Local\Temp\VMBuilds\gateway\adafruit_adafruit_samd_adafruit_feather_m0_express\Debug\VM_DBG\VM_DBG.cpp.o
                0x000032c8                VisualMicroDebug::DBG_Millis()
 .text._ZN16VisualMicroDebug17OnBreakPointBeginEm
                0x000032d0       0x16 C:\Users\sam\AppData\Local\Temp\VMBuilds\gateway\adafruit_adafruit_samd_adafruit_feather_m0_express\Debug\VM_DBG\VM_DBG.cpp.o
                0x000032d0                VisualMicroDebug::OnBreakPointBegin(unsigned long)
 *fill*         0x000032e6        0x2 
 .text._ZN16VisualMicroDebug22OnBreakPointPrintBeginEh
                0x000032e8       0x6c C:\Users\sam\AppData\Local\Temp\VMBuilds\gateway\adafruit_adafruit_samd_adafruit_feather_m0_express\Debug\VM_DBG\VM_DBG.cpp.o
                0x000032e8                VisualMicroDebug::OnBreakPointPrintBegin(unsigned char)
 .text._ZN16VisualMicroDebug20OnBreakPointPrintEndEv
                0x00003354       0x10 C:\Users\sam\AppData\Local\Temp\VMBuilds\gateway\adafruit_adafruit_samd_adafruit_feather_m0_express\Debug\VM_DBG\VM_DBG.cpp.o
                0x00003354                VisualMicroDebug::OnBreakPointPrintEnd()
 .text._ZN16VisualMicroDebug15OnBreakPointEndEv
                0x00003364        0xc C:\Users\sam\AppData\Local\Temp\VMBuilds\gateway\adafruit_adafruit_samd_adafruit_feather_m0_express\Debug\VM_DBG\VM_DBG.cpp.o
                0x00003364                VisualMicroDebug::OnBreakPointEnd()
 .text._ZN16VisualMicroDebug14outPacketStartEb
                0x00003370       0x26 C:\Users\sam\AppData\Local\Temp\VMBuilds\gateway\adafruit_adafruit_samd_adafruit_feather_m0_express\Debug\VM_DBG\VM_DBG.cpp.o
                0x00003370                VisualMicroDebug::outPacketStart(bool)
 .text._ZN16VisualMicroDebug12outPacketEndEv
                0x00003396        0x2 C:\Users\sam\AppData\Local\Temp\VMBuilds\gateway\adafruit_adafruit_samd_adafruit_feather_m0_express\Debug\VM_DBG\VM_DBG.cpp.o
                0x00003396                VisualMicroDebug::outPacketEnd()
 .text._ZN16VisualMicroDebug5beginEP7Serial_m
                0x00003398       0x2e C:\Users\sam\AppData\Local\Temp\VMBuilds\gateway\adafruit_adafruit_samd_adafruit_feather_m0_express\Debug\VM_DBG\VM_DBG.cpp.o
                0x00003398                VisualMicroDebug::begin(Serial_*, unsigned long)
 .text._ZN16VisualMicroDebug4initEm
                0x000033c6       0x14 C:\Users\sam\AppData\Local\Temp\VMBuilds\gateway\adafruit_adafruit_samd_adafruit_feather_m0_express\Debug\VM_DBG\VM_DBG.cpp.o
                0x000033c6                VisualMicroDebug::init(unsigned long)
 .text._ZN16VisualMicroDebug4readEv
                0x000033da        0xe C:\Users\sam\AppData\Local\Temp\VMBuilds\gateway\adafruit_adafruit_samd_adafruit_feather_m0_express\Debug\VM_DBG\VM_DBG.cpp.o
                0x000033da                VisualMicroDebug::read()
 .text._ZN16VisualMicroDebug9availableEv
                0x000033e8        0xe C:\Users\sam\AppData\Local\Temp\VMBuilds\gateway\adafruit_adafruit_samd_adafruit_feather_m0_express\Debug\VM_DBG\VM_DBG.cpp.o
                0x000033e8                VisualMicroDebug::available()
 *fill*         0x000033f6        0x2 
 .text._ZN16VisualMicroDebug16sendContinuedACKEh
                0x000033f8       0x38 C:\Users\sam\AppData\Local\Temp\VMBuilds\gateway\adafruit_adafruit_samd_adafruit_feather_m0_express\Debug\VM_DBG\VM_DBG.cpp.o
                0x000033f8                VisualMicroDebug::sendContinuedACK(unsigned char)
 .text._ZN16VisualMicroDebug9breakWaitEh
                0x00003430       0x56 C:\Users\sam\AppData\Local\Temp\VMBuilds\gateway\adafruit_adafruit_samd_adafruit_feather_m0_express\Debug\VM_DBG\VM_DBG.cpp.o
                0x00003430                VisualMicroDebug::breakWait(unsigned char)
 .text._ZN16VisualMicroDebug5startEbb
                0x00003486       0x20 C:\Users\sam\AppData\Local\Temp\VMBuilds\gateway\adafruit_adafruit_samd_adafruit_feather_m0_express\Debug\VM_DBG\VM_DBG.cpp.o
                0x00003486                VisualMicroDebug::start(bool, bool)
 *fill*         0x000034a6        0x2 
 .text.startup._GLOBAL__sub_I__ZN16VisualMicroDebug10DBG_MillisEv
                0x000034a8       0x14 C:\Users\sam\AppData\Local\Temp\VMBuilds\gateway\adafruit_adafruit_samd_adafruit_feather_m0_express\Debug\VM_DBG\VM_DBG.cpp.o
 .text._ZN4NodeC2Ev
                0x000034bc        0x2 C:\Users\sam\AppData\Local\Temp\VMBuilds\gateway\adafruit_adafruit_samd_adafruit_feather_m0_express\Debug\node.cpp.o
                0x000034bc                Node::Node()
                0x000034bc                Node::Node()
 .text._ZN8NodeListC2Ev
                0x000034be       0x24 C:\Users\sam\AppData\Local\Temp\VMBuilds\gateway\adafruit_adafruit_samd_adafruit_feather_m0_express\Debug\nodelist.cpp.o
                0x000034be                NodeList::NodeList()
                0x000034be                NodeList::NodeList()
 *fill*         0x000034e2        0x2 
 .text.SERCOM0_Handler
                0x000034e4       0x10 C:\Users\sam\AppData\Local\Temp\VMBuilds\gateway\adafruit_adafruit_samd_adafruit_feather_m0_express\Debug\variant\variant.cpp.o
                0x000034e4                SERCOM0_Handler
 .text.startup._GLOBAL__sub_I_g_APinDescription
                0x000034f4       0x7c C:\Users\sam\AppData\Local\Temp\VMBuilds\gateway\adafruit_adafruit_samd_adafruit_feather_m0_express\Debug\variant\variant.cpp.o
 .text.Dummy_Handler
                0x00003570        0x2 C:\Users\sam\AppData\Local\Temp\VMBuilds\gateway\adafruit_adafruit_samd_adafruit_feather_m0_express\Debug/core.a(cortex_handlers.c.o)
                0x00003570                DMAC_Handler
                0x00003570                HardFault_Handler
                0x00003570                AC_Handler
                0x00003570                PendSV_Handler
                0x00003570                NMI_Handler
                0x00003570                TC7_Handler
                0x00003570                SERCOM1_Handler
                0x00003570                ADC_Handler
                0x00003570                TCC1_Handler
                0x00003570                SERCOM2_Handler
                0x00003570                TCC0_Handler
                0x00003570                RTC_Handler
                0x00003570                TC6_Handler
                0x00003570                WDT_Handler
                0x00003570                TC4_Handler
                0x00003570                Dummy_Handler
                0x00003570                PM_Handler
                0x00003570                SERCOM5_Handler
                0x00003570                SVC_Handler
                0x00003570                TCC2_Handler
                0x00003570                EVSYS_Handler
                0x00003570                SERCOM3_Handler
                0x00003570                SERCOM4_Handler
                0x00003570                I2S_Handler
                0x00003570                NVMCTRL_Handler
                0x00003570                DAC_Handler
                0x00003570                PTC_Handler
                0x00003570                SYSCTRL_Handler
 *fill*         0x00003572        0x2 
 .text.USB_Handler
                0x00003574       0x14 C:\Users\sam\AppData\Local\Temp\VMBuilds\gateway\adafruit_adafruit_samd_adafruit_feather_m0_express\Debug/core.a(cortex_handlers.c.o)
                0x00003574                USB_Handler
 .text.Reset_Handler
                0x00003588       0x54 C:\Users\sam\AppData\Local\Temp\VMBuilds\gateway\adafruit_adafruit_samd_adafruit_feather_m0_express\Debug/core.a(cortex_handlers.c.o)
                0x00003588                Reset_Handler
 .text.SysTick_Handler
                0x000035dc       0x10 C:\Users\sam\AppData\Local\Temp\VMBuilds\gateway\adafruit_adafruit_samd_adafruit_feather_m0_express\Debug/core.a(cortex_handlers.c.o)
                0x000035dc                SysTick_Handler
 .text.USB_SetHandler
                0x000035ec        0xc C:\Users\sam\AppData\Local\Temp\VMBuilds\gateway\adafruit_adafruit_samd_adafruit_feather_m0_express\Debug/core.a(cortex_handlers.c.o)
                0x000035ec                USB_SetHandler
 .text.millis   0x000035f8        0xc C:\Users\sam\AppData\Local\Temp\VMBuilds\gateway\adafruit_adafruit_samd_adafruit_feather_m0_express\Debug/core.a(delay.c.o)
                0x000035f8                millis
 .text.delay    0x00003604       0x20 C:\Users\sam\AppData\Local\Temp\VMBuilds\gateway\adafruit_adafruit_samd_adafruit_feather_m0_express\Debug/core.a(delay.c.o)
                0x00003604                delay
 .text.SysTick_DefaultHandler
                0x00003624       0x14 C:\Users\sam\AppData\Local\Temp\VMBuilds\gateway\adafruit_adafruit_samd_adafruit_feather_m0_express\Debug/core.a(delay.c.o)
                0x00003624                SysTick_DefaultHandler
 .text.__empty  0x00003638        0x2 C:\Users\sam\AppData\Local\Temp\VMBuilds\gateway\adafruit_adafruit_samd_adafruit_feather_m0_express\Debug/core.a(hooks.c.o)
                0x00003638                yield
 .text.__false  0x0000363a        0x4 C:\Users\sam\AppData\Local\Temp\VMBuilds\gateway\adafruit_adafruit_samd_adafruit_feather_m0_express\Debug/core.a(hooks.c.o)
                0x0000363a                sysTickHook
 *fill*         0x0000363e        0x2 
 .text.SystemInit
                0x00003640      0x174 C:\Users\sam\AppData\Local\Temp\VMBuilds\gateway\adafruit_adafruit_samd_adafruit_feather_m0_express\Debug/core.a(startup.c.o)
                0x00003640                SystemInit
 .text.attachInterrupt
                0x000037b4      0x104 C:\Users\sam\AppData\Local\Temp\VMBuilds\gateway\adafruit_adafruit_samd_adafruit_feather_m0_express\Debug/core.a(WInterrupts.c.o)
                0x000037b4                attachInterrupt
 .text.EIC_Handler
                0x000038b8       0x30 C:\Users\sam\AppData\Local\Temp\VMBuilds\gateway\adafruit_adafruit_samd_adafruit_feather_m0_express\Debug/core.a(WInterrupts.c.o)
                0x000038b8                EIC_Handler
 .text.init     0x000038e8       0xf0 C:\Users\sam\AppData\Local\Temp\VMBuilds\gateway\adafruit_adafruit_samd_adafruit_feather_m0_express\Debug/core.a(wiring.c.o)
                0x000038e8                init
 .text.analogReference
                0x000039d8       0x5c C:\Users\sam\AppData\Local\Temp\VMBuilds\gateway\adafruit_adafruit_samd_adafruit_feather_m0_express\Debug/core.a(wiring_analog.c.o)
                0x000039d8                analogReference
 .text.pinMode  0x00003a34       0xb4 C:\Users\sam\AppData\Local\Temp\VMBuilds\gateway\adafruit_adafruit_samd_adafruit_feather_m0_express\Debug/core.a(wiring_digital.c.o)
                0x00003a34                pinMode
 .text.digitalWrite
                0x00003ae8       0x60 C:\Users\sam\AppData\Local\Temp\VMBuilds\gateway\adafruit_adafruit_samd_adafruit_feather_m0_express\Debug/core.a(wiring_digital.c.o)
                0x00003ae8                digitalWrite
 .text.digitalRead
                0x00003b48       0x30 C:\Users\sam\AppData\Local\Temp\VMBuilds\gateway\adafruit_adafruit_samd_adafruit_feather_m0_express\Debug/core.a(wiring_digital.c.o)
                0x00003b48                digitalRead
 .text.pinPeripheral
                0x00003b78       0xc4 C:\Users\sam\AppData\Local\Temp\VMBuilds\gateway\adafruit_adafruit_samd_adafruit_feather_m0_express\Debug/core.a(wiring_private.c.o)
                0x00003b78                pinPeripheral
 .text.__cxa_pure_virtual
                0x00003c3c        0x2 C:\Users\sam\AppData\Local\Temp\VMBuilds\gateway\adafruit_adafruit_samd_adafruit_feather_m0_express\Debug/core.a(abi.cpp.o)
                0x00003c3c                __cxa_pure_virtual
 .text._Z11initVariantv
                0x00003c3e        0x2 C:\Users\sam\AppData\Local\Temp\VMBuilds\gateway\adafruit_adafruit_samd_adafruit_feather_m0_express\Debug/core.a(main.cpp.o)
                0x00003c3e                initVariant()
 .text.startup.main
                0x00003c40       0x40 C:\Users\sam\AppData\Local\Temp\VMBuilds\gateway\adafruit_adafruit_samd_adafruit_feather_m0_express\Debug/core.a(main.cpp.o)
                0x00003c40                main
 .text._ZN5Print5writeEPKhj
                0x00003c80       0x28 C:\Users\sam\AppData\Local\Temp\VMBuilds\gateway\adafruit_adafruit_samd_adafruit_feather_m0_express\Debug/core.a(Print.cpp.o)
                0x00003c80                Print::write(unsigned char const*, unsigned int)
 .text._ZN5Print5printEmi.part.3
                0x00003ca8        0xc C:\Users\sam\AppData\Local\Temp\VMBuilds\gateway\adafruit_adafruit_samd_adafruit_feather_m0_express\Debug/core.a(Print.cpp.o)
 .text._ZN5Print5writeEPKc
                0x00003cb4       0x1c C:\Users\sam\AppData\Local\Temp\VMBuilds\gateway\adafruit_adafruit_samd_adafruit_feather_m0_express\Debug/core.a(Print.cpp.o)
                0x00003cb4                Print::write(char const*)
 .text._ZN5Print5printEPKc
                0x00003cd0        0x8 C:\Users\sam\AppData\Local\Temp\VMBuilds\gateway\adafruit_adafruit_samd_adafruit_feather_m0_express\Debug/core.a(Print.cpp.o)
                0x00003cd0                Print::print(char const*)
 .text._ZN5Print5printEc
                0x00003cd8        0xa C:\Users\sam\AppData\Local\Temp\VMBuilds\gateway\adafruit_adafruit_samd_adafruit_feather_m0_express\Debug/core.a(Print.cpp.o)
                0x00003cd8                Print::print(char)
 *fill*         0x00003ce2        0x2 
 .text._ZN5Print7printlnEv
                0x00003ce4       0x10 C:\Users\sam\AppData\Local\Temp\VMBuilds\gateway\adafruit_adafruit_samd_adafruit_feather_m0_express\Debug/core.a(Print.cpp.o)
                0x00003ce4                Print::println()
 .text._ZN5Print7printlnEPKc
                0x00003cf4       0x14 C:\Users\sam\AppData\Local\Temp\VMBuilds\gateway\adafruit_adafruit_samd_adafruit_feather_m0_express\Debug/core.a(Print.cpp.o)
                0x00003cf4                Print::println(char const*)
 .text._ZN5Print11printNumberEmh
                0x00003d08       0x4e C:\Users\sam\AppData\Local\Temp\VMBuilds\gateway\adafruit_adafruit_samd_adafruit_feather_m0_express\Debug/core.a(Print.cpp.o)
                0x00003d08                Print::printNumber(unsigned long, unsigned char)
 .text._ZN5Print5printEli
                0x00003d56       0x3c C:\Users\sam\AppData\Local\Temp\VMBuilds\gateway\adafruit_adafruit_samd_adafruit_feather_m0_express\Debug/core.a(Print.cpp.o)
                0x00003d56                Print::print(long, int)
 .text._ZN5Print5printEii
                0x00003d92        0x8 C:\Users\sam\AppData\Local\Temp\VMBuilds\gateway\adafruit_adafruit_samd_adafruit_feather_m0_express\Debug/core.a(Print.cpp.o)
                0x00003d92                Print::print(int, int)
 .text._ZN5Print5printEmi
                0x00003d9a       0x14 C:\Users\sam\AppData\Local\Temp\VMBuilds\gateway\adafruit_adafruit_samd_adafruit_feather_m0_express\Debug/core.a(Print.cpp.o)
                0x00003d9a                Print::print(unsigned long, int)
 .text._ZN5Print5printEhi
                0x00003dae        0x8 C:\Users\sam\AppData\Local\Temp\VMBuilds\gateway\adafruit_adafruit_samd_adafruit_feather_m0_express\Debug/core.a(Print.cpp.o)
                0x00003dae                Print::print(unsigned char, int)
 *fill*         0x00003db6        0x2 
 .text.initiateReset
                0x00003db8        0xc C:\Users\sam\AppData\Local\Temp\VMBuilds\gateway\adafruit_adafruit_samd_adafruit_feather_m0_express\Debug/core.a(Reset.cpp.o)
                0x00003db8                initiateReset
 .text.cancelReset
                0x00003dc4       0x10 C:\Users\sam\AppData\Local\Temp\VMBuilds\gateway\adafruit_adafruit_samd_adafruit_feather_m0_express\Debug/core.a(Reset.cpp.o)
                0x00003dc4                cancelReset
 .text.tickReset
                0x00003dd4       0x74 C:\Users\sam\AppData\Local\Temp\VMBuilds\gateway\adafruit_adafruit_samd_adafruit_feather_m0_express\Debug/core.a(Reset.cpp.o)
                0x00003dd4                tickReset
 .text._ZN6SERCOMC2EP6Sercom
                0x00003e48        0x4 C:\Users\sam\AppData\Local\Temp\VMBuilds\gateway\adafruit_adafruit_samd_adafruit_feather_m0_express\Debug/core.a(SERCOM.cpp.o)
                0x00003e48                SERCOM::SERCOM(Sercom*)
                0x00003e48                SERCOM::SERCOM(Sercom*)
 .text._ZN6SERCOM9initFrameE18SercomUartCharSize15SercomDataOrder16SercomParityMode19SercomNumberStopBit
                0x00003e4c       0x38 C:\Users\sam\AppData\Local\Temp\VMBuilds\gateway\adafruit_adafruit_samd_adafruit_feather_m0_express\Debug/core.a(SERCOM.cpp.o)
                0x00003e4c                SERCOM::initFrame(SercomUartCharSize, SercomDataOrder, SercomParityMode, SercomNumberStopBit)
 .text._ZN6SERCOM8initPadsE15SercomUartTXPad11SercomRXPad
                0x00003e84       0x26 C:\Users\sam\AppData\Local\Temp\VMBuilds\gateway\adafruit_adafruit_samd_adafruit_feather_m0_express\Debug/core.a(SERCOM.cpp.o)
                0x00003e84                SERCOM::initPads(SercomUartTXPad, SercomRXPad)
 .text._ZN6SERCOM9resetUARTEv
                0x00003eaa       0x1c C:\Users\sam\AppData\Local\Temp\VMBuilds\gateway\adafruit_adafruit_samd_adafruit_feather_m0_express\Debug/core.a(SERCOM.cpp.o)
                0x00003eaa                SERCOM::resetUART()
 .text._ZN6SERCOM10enableUARTEv
                0x00003ec6       0x14 C:\Users\sam\AppData\Local\Temp\VMBuilds\gateway\adafruit_adafruit_samd_adafruit_feather_m0_express\Debug/core.a(SERCOM.cpp.o)
                0x00003ec6                SERCOM::enableUART()
 .text._ZN6SERCOM9flushUARTEv
                0x00003eda       0x10 C:\Users\sam\AppData\Local\Temp\VMBuilds\gateway\adafruit_adafruit_samd_adafruit_feather_m0_express\Debug/core.a(SERCOM.cpp.o)
                0x00003eda                SERCOM::flushUART()
 .text._ZN6SERCOM15clearStatusUARTEv
                0x00003eea        0x8 C:\Users\sam\AppData\Local\Temp\VMBuilds\gateway\adafruit_adafruit_samd_adafruit_feather_m0_express\Debug/core.a(SERCOM.cpp.o)
                0x00003eea                SERCOM::clearStatusUART()
 .text._ZN6SERCOM17availableDataUARTEv
                0x00003ef2        0xa C:\Users\sam\AppData\Local\Temp\VMBuilds\gateway\adafruit_adafruit_samd_adafruit_feather_m0_express\Debug/core.a(SERCOM.cpp.o)
                0x00003ef2                SERCOM::availableDataUART()
 .text._ZN6SERCOM11isUARTErrorEv
                0x00003efc        0x8 C:\Users\sam\AppData\Local\Temp\VMBuilds\gateway\adafruit_adafruit_samd_adafruit_feather_m0_express\Debug/core.a(SERCOM.cpp.o)
                0x00003efc                SERCOM::isUARTError()
 .text._ZN6SERCOM20acknowledgeUARTErrorEv
                0x00003f04        0xe C:\Users\sam\AppData\Local\Temp\VMBuilds\gateway\adafruit_adafruit_samd_adafruit_feather_m0_express\Debug/core.a(SERCOM.cpp.o)
                0x00003f04                SERCOM::acknowledgeUARTError()
 .text._ZN6SERCOM12readDataUARTEv
                0x00003f12        0x8 C:\Users\sam\AppData\Local\Temp\VMBuilds\gateway\adafruit_adafruit_samd_adafruit_feather_m0_express\Debug/core.a(SERCOM.cpp.o)
                0x00003f12                SERCOM::readDataUART()
 .text._ZN6SERCOM13writeDataUARTEh
                0x00003f1a        0xe C:\Users\sam\AppData\Local\Temp\VMBuilds\gateway\adafruit_adafruit_samd_adafruit_feather_m0_express\Debug/core.a(SERCOM.cpp.o)
                0x00003f1a                SERCOM::writeDataUART(unsigned char)
 .text._ZN6SERCOM12initSPIClockE18SercomSpiClockModem
                0x00003f28       0x30 C:\Users\sam\AppData\Local\Temp\VMBuilds\gateway\adafruit_adafruit_samd_adafruit_feather_m0_express\Debug/core.a(SERCOM.cpp.o)
                0x00003f28                SERCOM::initSPIClock(SercomSpiClockMode, unsigned long)
 .text._ZN6SERCOM8resetSPIEv
                0x00003f58       0x1c C:\Users\sam\AppData\Local\Temp\VMBuilds\gateway\adafruit_adafruit_samd_adafruit_feather_m0_express\Debug/core.a(SERCOM.cpp.o)
                0x00003f58                SERCOM::resetSPI()
 .text._ZN6SERCOM9enableSPIEv
                0x00003f74       0x14 C:\Users\sam\AppData\Local\Temp\VMBuilds\gateway\adafruit_adafruit_samd_adafruit_feather_m0_express\Debug/core.a(SERCOM.cpp.o)
                0x00003f74                SERCOM::enableSPI()
 .text._ZN6SERCOM10disableSPIEv
                0x00003f88       0x14 C:\Users\sam\AppData\Local\Temp\VMBuilds\gateway\adafruit_adafruit_samd_adafruit_feather_m0_express\Debug/core.a(SERCOM.cpp.o)
                0x00003f88                SERCOM::disableSPI()
 .text._ZN6SERCOM15transferDataSPIEh
                0x00003f9c       0x1a C:\Users\sam\AppData\Local\Temp\VMBuilds\gateway\adafruit_adafruit_samd_adafruit_feather_m0_express\Debug/core.a(SERCOM.cpp.o)
                0x00003f9c                SERCOM::transferDataSPI(unsigned char)
 *fill*         0x00003fb6        0x2 
 .text._ZN6SERCOM13initClockNVICEv
                0x00003fb8       0xac C:\Users\sam\AppData\Local\Temp\VMBuilds\gateway\adafruit_adafruit_samd_adafruit_feather_m0_express\Debug/core.a(SERCOM.cpp.o)
                0x00003fb8                SERCOM::initClockNVIC()
 .text._ZN6SERCOM8initUARTE14SercomUartMode20SercomUartSampleRatem
                0x00004064       0x6c C:\Users\sam\AppData\Local\Temp\VMBuilds\gateway\adafruit_adafruit_samd_adafruit_feather_m0_express\Debug/core.a(SERCOM.cpp.o)
                0x00004064                SERCOM::initUART(SercomUartMode, SercomUartSampleRate, unsigned long)
 .text._ZN6SERCOM7initSPIE14SercomSpiTXPad11SercomRXPad17SercomSpiCharSize15SercomDataOrder
                0x000040d0       0x48 C:\Users\sam\AppData\Local\Temp\VMBuilds\gateway\adafruit_adafruit_samd_adafruit_feather_m0_express\Debug/core.a(SERCOM.cpp.o)
                0x000040d0                SERCOM::initSPI(SercomSpiTXPad, SercomRXPad, SercomSpiCharSize, SercomDataOrder)
 .text._ZN4UartcvbEv
                0x00004118        0x4 C:\Users\sam\AppData\Local\Temp\VMBuilds\gateway\adafruit_adafruit_samd_adafruit_feather_m0_express\Debug/core.a(Uart.cpp.o)
                0x00004118                Uart::operator bool()
 .text._ZN4Uart5beginEm
                0x0000411c        0xc C:\Users\sam\AppData\Local\Temp\VMBuilds\gateway\adafruit_adafruit_samd_adafruit_feather_m0_express\Debug/core.a(Uart.cpp.o)
                0x0000411c                Uart::begin(unsigned long)
 .text._ZN4Uart3endEv
                0x00004128       0x14 C:\Users\sam\AppData\Local\Temp\VMBuilds\gateway\adafruit_adafruit_samd_adafruit_feather_m0_express\Debug/core.a(Uart.cpp.o)
                0x00004128                Uart::end()
 .text._ZN4Uart5flushEv
                0x0000413c        0xa C:\Users\sam\AppData\Local\Temp\VMBuilds\gateway\adafruit_adafruit_samd_adafruit_feather_m0_express\Debug/core.a(Uart.cpp.o)
                0x0000413c                Uart::flush()
 .text._ZN4Uart9availableEv
                0x00004146        0xa C:\Users\sam\AppData\Local\Temp\VMBuilds\gateway\adafruit_adafruit_samd_adafruit_feather_m0_express\Debug/core.a(Uart.cpp.o)
                0x00004146                Uart::available()
 .text._ZN4Uart4peekEv
                0x00004150        0xa C:\Users\sam\AppData\Local\Temp\VMBuilds\gateway\adafruit_adafruit_samd_adafruit_feather_m0_express\Debug/core.a(Uart.cpp.o)
                0x00004150                Uart::peek()
 .text._ZN4Uart4readEv
                0x0000415a        0xa C:\Users\sam\AppData\Local\Temp\VMBuilds\gateway\adafruit_adafruit_samd_adafruit_feather_m0_express\Debug/core.a(Uart.cpp.o)
                0x0000415a                Uart::read()
 .text._ZN4Uart5writeEh
                0x00004164        0xc C:\Users\sam\AppData\Local\Temp\VMBuilds\gateway\adafruit_adafruit_samd_adafruit_feather_m0_express\Debug/core.a(Uart.cpp.o)
                0x00004164                Uart::write(unsigned char)
 .text._ZN4UartC2EP6SERCOMhh11SercomRXPad15SercomUartTXPad
                0x00004170       0x48 C:\Users\sam\AppData\Local\Temp\VMBuilds\gateway\adafruit_adafruit_samd_adafruit_feather_m0_express\Debug/core.a(Uart.cpp.o)
                0x00004170                Uart::Uart(SERCOM*, unsigned char, unsigned char, SercomRXPad, SercomUartTXPad)
                0x00004170                Uart::Uart(SERCOM*, unsigned char, unsigned char, SercomRXPad, SercomUartTXPad)
 .text._ZN4Uart10IrqHandlerEv
                0x000041b8       0x36 C:\Users\sam\AppData\Local\Temp\VMBuilds\gateway\adafruit_adafruit_samd_adafruit_feather_m0_express\Debug/core.a(Uart.cpp.o)
                0x000041b8                Uart::IrqHandler()
 .text._ZN4Uart16extractNbStopBitEt
                0x000041ee        0xe C:\Users\sam\AppData\Local\Temp\VMBuilds\gateway\adafruit_adafruit_samd_adafruit_feather_m0_express\Debug/core.a(Uart.cpp.o)
                0x000041ee                Uart::extractNbStopBit(unsigned short)
 .text._ZN4Uart15extractCharSizeEt
                0x000041fc       0x2c C:\Users\sam\AppData\Local\Temp\VMBuilds\gateway\adafruit_adafruit_samd_adafruit_feather_m0_express\Debug/core.a(Uart.cpp.o)
                0x000041fc                Uart::extractCharSize(unsigned short)
 .text._ZN4Uart13extractParityEt
                0x00004228       0x18 C:\Users\sam\AppData\Local\Temp\VMBuilds\gateway\adafruit_adafruit_samd_adafruit_feather_m0_express\Debug/core.a(Uart.cpp.o)
                0x00004228                Uart::extractParity(unsigned short)
 .text._ZN4Uart5beginEmt
                0x00004240       0x88 C:\Users\sam\AppData\Local\Temp\VMBuilds\gateway\adafruit_adafruit_samd_adafruit_feather_m0_express\Debug/core.a(Uart.cpp.o)
                0x00004240                Uart::begin(unsigned long, unsigned short)
 .text._Z6randoml
                0x000042c8       0x18 C:\Users\sam\AppData\Local\Temp\VMBuilds\gateway\adafruit_adafruit_samd_adafruit_feather_m0_express\Debug/core.a(WMath.cpp.o)
                0x000042c8                random(long)
 .text._Z6randomll
                0x000042e0       0x14 C:\Users\sam\AppData\Local\Temp\VMBuilds\gateway\adafruit_adafruit_samd_adafruit_feather_m0_express\Debug/core.a(WMath.cpp.o)
                0x000042e0                random(long, long)
 .text._ZN6StringD2Ev
                0x000042f4        0xe C:\Users\sam\AppData\Local\Temp\VMBuilds\gateway\adafruit_adafruit_samd_adafruit_feather_m0_express\Debug/core.a(WString.cpp.o)
                0x000042f4                String::~String()
                0x000042f4                String::~String()
 .text._ZN6String10invalidateEv
                0x00004302       0x18 C:\Users\sam\AppData\Local\Temp\VMBuilds\gateway\adafruit_adafruit_samd_adafruit_feather_m0_express\Debug/core.a(WString.cpp.o)
                0x00004302                String::invalidate()
 .text._ZN6String12changeBufferEj
                0x0000431a       0x18 C:\Users\sam\AppData\Local\Temp\VMBuilds\gateway\adafruit_adafruit_samd_adafruit_feather_m0_express\Debug/core.a(WString.cpp.o)
                0x0000431a                String::changeBuffer(unsigned int)
 .text._ZN6String7reserveEj
                0x00004332       0x28 C:\Users\sam\AppData\Local\Temp\VMBuilds\gateway\adafruit_adafruit_samd_adafruit_feather_m0_express\Debug/core.a(WString.cpp.o)
                0x00004332                String::reserve(unsigned int)
 .text._ZN6String4copyEPKcj
                0x0000435a       0x28 C:\Users\sam\AppData\Local\Temp\VMBuilds\gateway\adafruit_adafruit_samd_adafruit_feather_m0_express\Debug/core.a(WString.cpp.o)
                0x0000435a                String::copy(char const*, unsigned int)
 .text._ZN6StringC2EPKc
                0x00004382       0x26 C:\Users\sam\AppData\Local\Temp\VMBuilds\gateway\adafruit_adafruit_samd_adafruit_feather_m0_express\Debug/core.a(WString.cpp.o)
                0x00004382                String::String(char const*)
                0x00004382                String::String(char const*)
 .text._ZN6StringaSERKS_
                0x000043a8       0x20 C:\Users\sam\AppData\Local\Temp\VMBuilds\gateway\adafruit_adafruit_samd_adafruit_feather_m0_express\Debug/core.a(WString.cpp.o)
                0x000043a8                String::operator=(String const&)
 .text._ZN6StringC2ERKS_
                0x000043c8       0x14 C:\Users\sam\AppData\Local\Temp\VMBuilds\gateway\adafruit_adafruit_samd_adafruit_feather_m0_express\Debug/core.a(WString.cpp.o)
                0x000043c8                String::String(String const&)
                0x000043c8                String::String(String const&)
 .text._ZN6StringaSEPKc
                0x000043dc       0x22 C:\Users\sam\AppData\Local\Temp\VMBuilds\gateway\adafruit_adafruit_samd_adafruit_feather_m0_express\Debug/core.a(WString.cpp.o)
                0x000043dc                String::operator=(char const*)
 .text._ZN6StringC2Eih
                0x000043fe       0x24 C:\Users\sam\AppData\Local\Temp\VMBuilds\gateway\adafruit_adafruit_samd_adafruit_feather_m0_express\Debug/core.a(WString.cpp.o)
                0x000043fe                String::String(int, unsigned char)
                0x000043fe                String::String(int, unsigned char)
 .text._ZN6String6concatEPKcj
                0x00004422       0x32 C:\Users\sam\AppData\Local\Temp\VMBuilds\gateway\adafruit_adafruit_samd_adafruit_feather_m0_express\Debug/core.a(WString.cpp.o)
                0x00004422                String::concat(char const*, unsigned int)
 .text._ZplRK15StringSumHelperRK6String
                0x00004454       0x1c C:\Users\sam\AppData\Local\Temp\VMBuilds\gateway\adafruit_adafruit_samd_adafruit_feather_m0_express\Debug/core.a(WString.cpp.o)
                0x00004454                operator+(StringSumHelper const&, String const&)
 .text._ZNK6String8getBytesEPhjj
                0x00004470       0x34 C:\Users\sam\AppData\Local\Temp\VMBuilds\gateway\adafruit_adafruit_samd_adafruit_feather_m0_express\Debug/core.a(WString.cpp.o)
                0x00004470                String::getBytes(unsigned char*, unsigned int, unsigned int) const
 .text._ZN7Serial_17availableForWriteEv
                0x000044a4        0x4 C:\Users\sam\AppData\Local\Temp\VMBuilds\gateway\adafruit_adafruit_samd_adafruit_feather_m0_express\Debug/core.a(CDC.cpp.o)
                0x000044a4                Serial_::availableForWrite()
 .text._ZN7Serial_5writeEh
                0x000044a8       0x14 C:\Users\sam\AppData\Local\Temp\VMBuilds\gateway\adafruit_adafruit_samd_adafruit_feather_m0_express\Debug/core.a(CDC.cpp.o)
                0x000044a8                Serial_::write(unsigned char)
 .text._ZN7Serial_9availableEv
                0x000044bc        0xc C:\Users\sam\AppData\Local\Temp\VMBuilds\gateway\adafruit_adafruit_samd_adafruit_feather_m0_express\Debug/core.a(CDC.cpp.o)
                0x000044bc                Serial_::available()
 .text._ZN7Serial_5flushEv
                0x000044c8        0xc C:\Users\sam\AppData\Local\Temp\VMBuilds\gateway\adafruit_adafruit_samd_adafruit_feather_m0_express\Debug/core.a(CDC.cpp.o)
                0x000044c8                Serial_::flush()
 .text._ZN7Serial_5writeEPKhj
                0x000044d4       0x1c C:\Users\sam\AppData\Local\Temp\VMBuilds\gateway\adafruit_adafruit_samd_adafruit_feather_m0_express\Debug/core.a(CDC.cpp.o)
                0x000044d4                Serial_::write(unsigned char const*, unsigned int)
 .text._ZN7Serial_4peekEv
                0x000044f0       0x1c C:\Users\sam\AppData\Local\Temp\VMBuilds\gateway\adafruit_adafruit_samd_adafruit_feather_m0_express\Debug/core.a(CDC.cpp.o)
                0x000044f0                Serial_::peek()
 .text._ZN7Serial_4readEv
                0x0000450c       0x24 C:\Users\sam\AppData\Local\Temp\VMBuilds\gateway\adafruit_adafruit_samd_adafruit_feather_m0_express\Debug/core.a(CDC.cpp.o)
                0x0000450c                Serial_::read()
 .text._Z16CDC_GetInterfacePh
                0x00004530       0x1c C:\Users\sam\AppData\Local\Temp\VMBuilds\gateway\adafruit_adafruit_samd_adafruit_feather_m0_express\Debug/core.a(CDC.cpp.o)
                0x00004530                CDC_GetInterface(unsigned char*)
 .text._Z9CDC_SetupR8USBSetup
                0x0000454c       0x80 C:\Users\sam\AppData\Local\Temp\VMBuilds\gateway\adafruit_adafruit_samd_adafruit_feather_m0_express\Debug/core.a(CDC.cpp.o)
                0x0000454c                CDC_Setup(USBSetup&)
 .text._ZN7Serial_5beginEm
                0x000045cc        0x2 C:\Users\sam\AppData\Local\Temp\VMBuilds\gateway\adafruit_adafruit_samd_adafruit_feather_m0_express\Debug/core.a(CDC.cpp.o)
                0x000045cc                Serial_::begin(unsigned long)
 *fill*         0x000045ce        0x2 
 .text._ZN7Serial_cvbEv
                0x000045d0       0x28 C:\Users\sam\AppData\Local\Temp\VMBuilds\gateway\adafruit_adafruit_samd_adafruit_feather_m0_express\Debug/core.a(CDC.cpp.o)
                0x000045d0                Serial_::operator bool()
 .text.startup._GLOBAL__sub_I__Z17_CDC_GetInterfacev
                0x000045f8       0x28 C:\Users\sam\AppData\Local\Temp\VMBuilds\gateway\adafruit_adafruit_samd_adafruit_feather_m0_express\Debug/core.a(CDC.cpp.o)
 .text._ZN14USBDeviceClass6initEPEmm.part.4
                0x00004620       0x80 C:\Users\sam\AppData\Local\Temp\VMBuilds\gateway\adafruit_adafruit_samd_adafruit_feather_m0_express\Debug/core.a(USBCore.cpp.o)
 .text._ZN20USBDevice_SAMD21G18x5resetEv
                0x000046a0       0x28 C:\Users\sam\AppData\Local\Temp\VMBuilds\gateway\adafruit_adafruit_samd_adafruit_feather_m0_express\Debug/core.a(USBCore.cpp.o)
                0x000046a0                USBDevice_SAMD21G18x::reset()
 .text._ZN20USBDevice_SAMD21G18x9calibrateEv
                0x000046c8       0x5c C:\Users\sam\AppData\Local\Temp\VMBuilds\gateway\adafruit_adafruit_samd_adafruit_feather_m0_express\Debug/core.a(USBCore.cpp.o)
                0x000046c8                USBDevice_SAMD21G18x::calibrate()
 .text._ZN7__GuardC2Ev
                0x00004724        0xe C:\Users\sam\AppData\Local\Temp\VMBuilds\gateway\adafruit_adafruit_samd_adafruit_feather_m0_express\Debug/core.a(USBCore.cpp.o)
                0x00004724                __Guard::__Guard()
                0x00004724                __Guard::__Guard()
 .text._ZN7__GuardD2Ev
                0x00004732        0xe C:\Users\sam\AppData\Local\Temp\VMBuilds\gateway\adafruit_adafruit_samd_adafruit_feather_m0_express\Debug/core.a(USBCore.cpp.o)
                0x00004732                __Guard::~__Guard()
                0x00004732                __Guard::~__Guard()
 .text._ZNK26DoubleBufferedEPOutHandler9availableEv
                0x00004740       0x5e C:\Users\sam\AppData\Local\Temp\VMBuilds\gateway\adafruit_adafruit_samd_adafruit_feather_m0_express\Debug/core.a(USBCore.cpp.o)
                0x00004740                DoubleBufferedEPOutHandler::available() const
 *fill*         0x0000479e        0x2 
 .text._ZN26DoubleBufferedEPOutHandler7releaseEv
                0x000047a0       0x58 C:\Users\sam\AppData\Local\Temp\VMBuilds\gateway\adafruit_adafruit_samd_adafruit_feather_m0_express\Debug/core.a(USBCore.cpp.o)
                0x000047a0                DoubleBufferedEPOutHandler::release()
 .text._ZN26DoubleBufferedEPOutHandler4recvEPvm
                0x000047f8      0x11c C:\Users\sam\AppData\Local\Temp\VMBuilds\gateway\adafruit_adafruit_samd_adafruit_feather_m0_express\Debug/core.a(USBCore.cpp.o)
                0x000047f8                DoubleBufferedEPOutHandler::recv(void*, unsigned long)
 .text._ZN26DoubleBufferedEPOutHandler14handleEndpointEv
                0x00004914       0xc4 C:\Users\sam\AppData\Local\Temp\VMBuilds\gateway\adafruit_adafruit_samd_adafruit_feather_m0_express\Debug/core.a(USBCore.cpp.o)
                0x00004914                DoubleBufferedEPOutHandler::handleEndpoint()
 .text._ZN14USBDeviceClass14SendInterfacesEPm
                0x000049d8       0x2c C:\Users\sam\AppData\Local\Temp\VMBuilds\gateway\adafruit_adafruit_samd_adafruit_feather_m0_express\Debug/core.a(USBCore.cpp.o)
                0x000049d8                USBDeviceClass::SendInterfaces(unsigned long*)
 .text._ZN14USBDeviceClass14handleEndpointEh
                0x00004a04       0x40 C:\Users\sam\AppData\Local\Temp\VMBuilds\gateway\adafruit_adafruit_samd_adafruit_feather_m0_express\Debug/core.a(USBCore.cpp.o)
                0x00004a04                USBDeviceClass::handleEndpoint(unsigned char)
 .text._ZN14USBDeviceClass4initEv
                0x00004a44       0xf0 C:\Users\sam\AppData\Local\Temp\VMBuilds\gateway\adafruit_adafruit_samd_adafruit_feather_m0_express\Debug/core.a(USBCore.cpp.o)
                0x00004a44                USBDeviceClass::init()
 .text._ZN14USBDeviceClass6attachEv
                0x00004b34       0x34 C:\Users\sam\AppData\Local\Temp\VMBuilds\gateway\adafruit_adafruit_samd_adafruit_feather_m0_express\Debug/core.a(USBCore.cpp.o)
                0x00004b34                USBDeviceClass::attach()
 .text._ZN14USBDeviceClass10setAddressEm
                0x00004b68       0x48 C:\Users\sam\AppData\Local\Temp\VMBuilds\gateway\adafruit_adafruit_samd_adafruit_feather_m0_express\Debug/core.a(USBCore.cpp.o)
                0x00004b68                USBDeviceClass::setAddress(unsigned long)
 .text._ZN14USBDeviceClass25handleClassInterfaceSetupER8USBSetup
                0x00004bb0       0x40 C:\Users\sam\AppData\Local\Temp\VMBuilds\gateway\adafruit_adafruit_samd_adafruit_feather_m0_express\Debug/core.a(USBCore.cpp.o)
                0x00004bb0                USBDeviceClass::handleClassInterfaceSetup(USBSetup&)
 .text._ZN14USBDeviceClass6initEPEmm
                0x00004bf0      0x128 C:\Users\sam\AppData\Local\Temp\VMBuilds\gateway\adafruit_adafruit_samd_adafruit_feather_m0_express\Debug/core.a(USBCore.cpp.o)
                0x00004bf0                USBDeviceClass::initEP(unsigned long, unsigned long)
 .text._ZN14USBDeviceClass13initEndpointsEv
                0x00004d18       0x24 C:\Users\sam\AppData\Local\Temp\VMBuilds\gateway\adafruit_adafruit_samd_adafruit_feather_m0_express\Debug/core.a(USBCore.cpp.o)
                0x00004d18                USBDeviceClass::initEndpoints()
 .text._ZN14USBDeviceClass9availableEm
                0x00004d3c       0x2c C:\Users\sam\AppData\Local\Temp\VMBuilds\gateway\adafruit_adafruit_samd_adafruit_feather_m0_express\Debug/core.a(USBCore.cpp.o)
                0x00004d3c                USBDeviceClass::available(unsigned long)
 .text._ZN14USBDeviceClass5flushEm
                0x00004d68       0x2c C:\Users\sam\AppData\Local\Temp\VMBuilds\gateway\adafruit_adafruit_samd_adafruit_feather_m0_express\Debug/core.a(USBCore.cpp.o)
                0x00004d68                USBDeviceClass::flush(unsigned long)
 .text._ZN14USBDeviceClass14armRecvCtrlOUTEm
                0x00004d94       0x60 C:\Users\sam\AppData\Local\Temp\VMBuilds\gateway\adafruit_adafruit_samd_adafruit_feather_m0_express\Debug/core.a(USBCore.cpp.o)
                0x00004d94                USBDeviceClass::armRecvCtrlOUT(unsigned long)
 .text._ZN14USBDeviceClass11recvControlEPvm
                0x00004df4       0x3c C:\Users\sam\AppData\Local\Temp\VMBuilds\gateway\adafruit_adafruit_samd_adafruit_feather_m0_express\Debug/core.a(USBCore.cpp.o)
                0x00004df4                USBDeviceClass::recvControl(void*, unsigned long)
 .text._ZN14USBDeviceClass7armRecvEm
                0x00004e30       0x3c C:\Users\sam\AppData\Local\Temp\VMBuilds\gateway\adafruit_adafruit_samd_adafruit_feather_m0_express\Debug/core.a(USBCore.cpp.o)
                0x00004e30                USBDeviceClass::armRecv(unsigned long)
 .text._ZN14USBDeviceClass4recvEmPvm
                0x00004e6c       0xd8 C:\Users\sam\AppData\Local\Temp\VMBuilds\gateway\adafruit_adafruit_samd_adafruit_feather_m0_express\Debug/core.a(USBCore.cpp.o)
                0x00004e6c                USBDeviceClass::recv(unsigned long, void*, unsigned long)
 .text._ZN14USBDeviceClass4recvEm
                0x00004f44       0x1c C:\Users\sam\AppData\Local\Temp\VMBuilds\gateway\adafruit_adafruit_samd_adafruit_feather_m0_express\Debug/core.a(USBCore.cpp.o)
                0x00004f44                USBDeviceClass::recv(unsigned long)
 .text._ZN14USBDeviceClass4sendEmPKvm
                0x00004f60      0x124 C:\Users\sam\AppData\Local\Temp\VMBuilds\gateway\adafruit_adafruit_samd_adafruit_feather_m0_express\Debug/core.a(USBCore.cpp.o)
                0x00004f60                USBDeviceClass::send(unsigned long, void const*, unsigned long)
 .text._ZN14USBDeviceClass7armSendEmPKvm
                0x00005084       0x48 C:\Users\sam\AppData\Local\Temp\VMBuilds\gateway\adafruit_adafruit_samd_adafruit_feather_m0_express\Debug/core.a(USBCore.cpp.o)
                0x00005084                USBDeviceClass::armSend(unsigned long, void const*, unsigned long)
 .text._ZN14USBDeviceClass11sendControlEPKvm
                0x000050cc       0x58 C:\Users\sam\AppData\Local\Temp\VMBuilds\gateway\adafruit_adafruit_samd_adafruit_feather_m0_express\Debug/core.a(USBCore.cpp.o)
                0x000050cc                USBDeviceClass::sendControl(void const*, unsigned long)
 .text._ZN14USBDeviceClass20sendStringDescriptorEPKhh
                0x00005124       0x68 C:\Users\sam\AppData\Local\Temp\VMBuilds\gateway\adafruit_adafruit_samd_adafruit_feather_m0_express\Debug/core.a(USBCore.cpp.o)
                0x00005124                USBDeviceClass::sendStringDescriptor(unsigned char const*, unsigned char)
 .text._ZN14USBDeviceClass12packMessagesEb.part.6
                0x0000518c       0x20 C:\Users\sam\AppData\Local\Temp\VMBuilds\gateway\adafruit_adafruit_samd_adafruit_feather_m0_express\Debug/core.a(USBCore.cpp.o)
 .text._ZN14USBDeviceClass17sendConfigurationEm
                0x000051ac       0x90 C:\Users\sam\AppData\Local\Temp\VMBuilds\gateway\adafruit_adafruit_samd_adafruit_feather_m0_express\Debug/core.a(USBCore.cpp.o)
                0x000051ac                USBDeviceClass::sendConfiguration(unsigned long)
 .text._ZN14USBDeviceClass14sendDescriptorER8USBSetup
                0x0000523c       0xb4 C:\Users\sam\AppData\Local\Temp\VMBuilds\gateway\adafruit_adafruit_samd_adafruit_feather_m0_express\Debug/core.a(USBCore.cpp.o)
                0x0000523c                USBDeviceClass::sendDescriptor(USBSetup&)
 .text._ZN14USBDeviceClass19handleStandardSetupER8USBSetup
                0x000052f0      0x118 C:\Users\sam\AppData\Local\Temp\VMBuilds\gateway\adafruit_adafruit_samd_adafruit_feather_m0_express\Debug/core.a(USBCore.cpp.o)
                0x000052f0                USBDeviceClass::handleStandardSetup(USBSetup&)
 .text._ZN14USBDeviceClass10ISRHandlerEv
                0x00005408      0x150 C:\Users\sam\AppData\Local\Temp\VMBuilds\gateway\adafruit_adafruit_samd_adafruit_feather_m0_express\Debug/core.a(USBCore.cpp.o)
                0x00005408                USBDeviceClass::ISRHandler()
 .text.UDD_Handler
                0x00005558       0x10 C:\Users\sam\AppData\Local\Temp\VMBuilds\gateway\adafruit_adafruit_samd_adafruit_feather_m0_express\Debug/core.a(USBCore.cpp.o)
                0x00005558                UDD_Handler
 .text.startup._GLOBAL__sub_I__ZN20USBDevice_SAMD21G18x5resetEv
                0x00005568       0x10 C:\Users\sam\AppData\Local\Temp\VMBuilds\gateway\adafruit_adafruit_samd_adafruit_feather_m0_express\Debug/core.a(USBCore.cpp.o)
 .text.ltoa     0x00005578       0x8a C:\Users\sam\AppData\Local\Temp\VMBuilds\gateway\adafruit_adafruit_samd_adafruit_feather_m0_express\Debug/core.a(itoa.c.o)
                0x00005578                ltoa
 .text.itoa     0x00005602        0x8 C:\Users\sam\AppData\Local\Temp\VMBuilds\gateway\adafruit_adafruit_samd_adafruit_feather_m0_express\Debug/core.a(itoa.c.o)
                0x00005602                itoa
 .text._Znwj    0x0000560a        0x8 C:\Users\sam\AppData\Local\Temp\VMBuilds\gateway\adafruit_adafruit_samd_adafruit_feather_m0_express\Debug/core.a(new.cpp.o)
                0x0000560a                operator new(unsigned int)
 .text._ZN10RingBufferC2Ev
                0x00005612       0x1a C:\Users\sam\AppData\Local\Temp\VMBuilds\gateway\adafruit_adafruit_samd_adafruit_feather_m0_express\Debug/core.a(RingBuffer.cpp.o)
                0x00005612                RingBuffer::RingBuffer()
                0x00005612                RingBuffer::RingBuffer()
 .text._ZN10RingBuffer10store_charEh
                0x0000562c       0x24 C:\Users\sam\AppData\Local\Temp\VMBuilds\gateway\adafruit_adafruit_samd_adafruit_feather_m0_express\Debug/core.a(RingBuffer.cpp.o)
                0x0000562c                RingBuffer::store_char(unsigned char)
 .text._ZN10RingBuffer5clearEv
                0x00005650        0xe C:\Users\sam\AppData\Local\Temp\VMBuilds\gateway\adafruit_adafruit_samd_adafruit_feather_m0_express\Debug/core.a(RingBuffer.cpp.o)
                0x00005650                RingBuffer::clear()
 .text._ZN10RingBuffer9read_charEv
                0x0000565e       0x28 C:\Users\sam\AppData\Local\Temp\VMBuilds\gateway\adafruit_adafruit_samd_adafruit_feather_m0_express\Debug/core.a(RingBuffer.cpp.o)
                0x0000565e                RingBuffer::read_char()
 .text._ZN10RingBuffer9availableEv
                0x00005686       0x12 C:\Users\sam\AppData\Local\Temp\VMBuilds\gateway\adafruit_adafruit_samd_adafruit_feather_m0_express\Debug/core.a(RingBuffer.cpp.o)
                0x00005686                RingBuffer::available()
 .text._ZN10RingBuffer4peekEv
                0x00005698       0x1a C:\Users\sam\AppData\Local\Temp\VMBuilds\gateway\adafruit_adafruit_samd_adafruit_feather_m0_express\Debug/core.a(RingBuffer.cpp.o)
                0x00005698                RingBuffer::peek()
 .text._ZN13PluggableUSB_12getInterfaceEPh
                0x000056b2       0x2a C:\Users\sam\AppData\Local\Temp\VMBuilds\gateway\adafruit_adafruit_samd_adafruit_feather_m0_express\Debug/core.a(PluggableUSB.cpp.o)
                0x000056b2                PluggableUSB_::getInterface(unsigned char*)
 .text._ZN13PluggableUSB_13getDescriptorER8USBSetup
                0x000056dc       0x20 C:\Users\sam\AppData\Local\Temp\VMBuilds\gateway\adafruit_adafruit_samd_adafruit_feather_m0_express\Debug/core.a(PluggableUSB.cpp.o)
                0x000056dc                PluggableUSB_::getDescriptor(USBSetup&)
 .text._ZN13PluggableUSB_12getShortNameEPc
                0x000056fc       0x1e C:\Users\sam\AppData\Local\Temp\VMBuilds\gateway\adafruit_adafruit_samd_adafruit_feather_m0_express\Debug/core.a(PluggableUSB.cpp.o)
                0x000056fc                PluggableUSB_::getShortName(char*)
 .text._ZN13PluggableUSB_5setupER8USBSetup
                0x0000571a       0x24 C:\Users\sam\AppData\Local\Temp\VMBuilds\gateway\adafruit_adafruit_samd_adafruit_feather_m0_express\Debug/core.a(PluggableUSB.cpp.o)
                0x0000571a                PluggableUSB_::setup(USBSetup&)
 *fill*         0x0000573e        0x2 
 .text._Z12PluggableUSBv
                0x00005740       0x24 C:\Users\sam\AppData\Local\Temp\VMBuilds\gateway\adafruit_adafruit_samd_adafruit_feather_m0_express\Debug/core.a(PluggableUSB.cpp.o)
                0x00005740                PluggableUSB()
 .text          0x00005764       0x14 c:/users/sam/appdata/local/arduino15/packages/arduino/tools/arm-none-eabi-gcc/4.8.3-2014q1/bin/../lib/gcc/arm-none-eabi/4.8.3/armv6-m\libgcc.a(_thumb1_case_uqi.o)
                0x00005764                __gnu_thumb1_case_uqi
 .text          0x00005778       0x9c c:/users/sam/appdata/local/arduino15/packages/arduino/tools/arm-none-eabi-gcc/4.8.3-2014q1/bin/../lib/gcc/arm-none-eabi/4.8.3/armv6-m\libgcc.a(_udivsi3.o)
                0x00005778                __aeabi_uidiv
                0x00005778                __udivsi3
                0x00005800                __aeabi_uidivmod
 .text          0x00005814       0xc0 c:/users/sam/appdata/local/arduino15/packages/arduino/tools/arm-none-eabi-gcc/4.8.3-2014q1/bin/../lib/gcc/arm-none-eabi/4.8.3/armv6-m\libgcc.a(_divsi3.o)
                0x00005814                __divsi3
                0x00005814                __aeabi_idiv
                0x000058c0                __aeabi_idivmod
 .text          0x000058d4        0x4 c:/users/sam/appdata/local/arduino15/packages/arduino/tools/arm-none-eabi-gcc/4.8.3-2014q1/bin/../lib/gcc/arm-none-eabi/4.8.3/armv6-m\libgcc.a(_dvmd_tls.o)
                0x000058d4                __aeabi_idiv0
                0x000058d4                __aeabi_ldiv0
 .text          0x000058d8       0x7c c:/users/sam/appdata/local/arduino15/packages/arduino/tools/arm-none-eabi-gcc/4.8.3-2014q1/bin/../lib/gcc/arm-none-eabi/4.8.3/armv6-m\libgcc.a(_arm_cmpdf2.o)
                0x000058d8                __aeabi_cdrcmple
                0x000058e8                __aeabi_cdcmple
                0x000058e8                __aeabi_cdcmpeq
                0x000058f8                __aeabi_dcmpeq
                0x00005904                __aeabi_dcmplt
                0x00005918                __aeabi_dcmple
                0x0000592c                __aeabi_dcmpgt
                0x00005940                __aeabi_dcmpge
 *fill*         0x00005954        0x4 
 .text          0x00005958       0x40 c:/users/sam/appdata/local/arduino15/packages/arduino/tools/arm-none-eabi-gcc/4.8.3-2014q1/bin/../lib/gcc/arm-none-eabi/4.8.3/armv6-m\libgcc.a(_fixunsdfsi.o)
                0x00005958                __aeabi_d2uiz
                0x00005958                __fixunsdfsi
 .text          0x00005998      0x648 c:/users/sam/appdata/local/arduino15/packages/arduino/tools/arm-none-eabi-gcc/4.8.3-2014q1/bin/../lib/gcc/arm-none-eabi/4.8.3/armv6-m\libgcc.a(divdf3.o)
                0x00005998                __aeabi_ddiv
 .text          0x00005fe0       0x94 c:/users/sam/appdata/local/arduino15/packages/arduino/tools/arm-none-eabi-gcc/4.8.3-2014q1/bin/../lib/gcc/arm-none-eabi/4.8.3/armv6-m\libgcc.a(eqdf2.o)
                0x00005fe0                __nedf2
                0x00005fe0                __eqdf2
 .text          0x00006074       0xfc c:/users/sam/appdata/local/arduino15/packages/arduino/tools/arm-none-eabi-gcc/4.8.3-2014q1/bin/../lib/gcc/arm-none-eabi/4.8.3/armv6-m\libgcc.a(gedf2.o)
                0x00006074                __gedf2
                0x00006074                __gtdf2
 .text          0x00006170       0xfc c:/users/sam/appdata/local/arduino15/packages/arduino/tools/arm-none-eabi-gcc/4.8.3-2014q1/bin/../lib/gcc/arm-none-eabi/4.8.3/armv6-m\libgcc.a(ledf2.o)
                0x00006170                __ledf2
                0x00006170                __ltdf2
 .text          0x0000626c      0x520 c:/users/sam/appdata/local/arduino15/packages/arduino/tools/arm-none-eabi-gcc/4.8.3-2014q1/bin/../lib/gcc/arm-none-eabi/4.8.3/armv6-m\libgcc.a(muldf3.o)
                0x0000626c                __aeabi_dmul
 .text          0x0000678c      0x654 c:/users/sam/appdata/local/arduino15/packages/arduino/tools/arm-none-eabi-gcc/4.8.3-2014q1/bin/../lib/gcc/arm-none-eabi/4.8.3/armv6-m\libgcc.a(subdf3.o)
                0x0000678c                __aeabi_dsub
 .text          0x00006de0       0x68 c:/users/sam/appdata/local/arduino15/packages/arduino/tools/arm-none-eabi-gcc/4.8.3-2014q1/bin/../lib/gcc/arm-none-eabi/4.8.3/armv6-m\libgcc.a(fixdfsi.o)
                0x00006de0                __aeabi_d2iz
 .text          0x00006e48       0xa4 c:/users/sam/appdata/local/arduino15/packages/arduino/tools/arm-none-eabi-gcc/4.8.3-2014q1/bin/../lib/gcc/arm-none-eabi/4.8.3/armv6-m\libgcc.a(extendsfdf2.o)
                0x00006e48                __aeabi_f2d
 .text          0x00006eec       0x3c c:/users/sam/appdata/local/arduino15/packages/arduino/tools/arm-none-eabi-gcc/4.8.3-2014q1/bin/../lib/gcc/arm-none-eabi/4.8.3/armv6-m\libgcc.a(_clzsi2.o)
                0x00006eec                __clzsi2
 .text.__libc_init_array
                0x00006f28       0x4c c:/users/sam/appdata/local/arduino15/packages/arduino/tools/arm-none-eabi-gcc/4.8.3-2014q1/bin/../lib/gcc/arm-none-eabi/4.8.3/../../../../arm-none-eabi/lib/armv6-m\libc_s.a(lib_a-init.o)
                0x00006f28                __libc_init_array
 .text.malloc   0x00006f74       0x14 c:/users/sam/appdata/local/arduino15/packages/arduino/tools/arm-none-eabi-gcc/4.8.3-2014q1/bin/../lib/gcc/arm-none-eabi/4.8.3/../../../../arm-none-eabi/lib/armv6-m\libc_s.a(lib_a-malloc.o)
                0x00006f74                malloc
 .text.free     0x00006f88       0x14 c:/users/sam/appdata/local/arduino15/packages/arduino/tools/arm-none-eabi-gcc/4.8.3-2014q1/bin/../lib/gcc/arm-none-eabi/4.8.3/../../../../arm-none-eabi/lib/armv6-m\libc_s.a(lib_a-malloc.o)
                0x00006f88                free
 .text.memcpy   0x00006f9c       0x12 c:/users/sam/appdata/local/arduino15/packages/arduino/tools/arm-none-eabi-gcc/4.8.3-2014q1/bin/../lib/gcc/arm-none-eabi/4.8.3/../../../../arm-none-eabi/lib/armv6-m\libc_s.a(lib_a-memcpy-stub.o)
                0x00006f9c                memcpy
 .text.memset   0x00006fae       0x10 c:/users/sam/appdata/local/arduino15/packages/arduino/tools/arm-none-eabi-gcc/4.8.3-2014q1/bin/../lib/gcc/arm-none-eabi/4.8.3/../../../../arm-none-eabi/lib/armv6-m\libc_s.a(lib_a-memset.o)
                0x00006fae                memset
 *fill*         0x00006fbe        0x2 
 .text._free_r  0x00006fc0       0x90 c:/users/sam/appdata/local/arduino15/packages/arduino/tools/arm-none-eabi-gcc/4.8.3-2014q1/bin/../lib/gcc/arm-none-eabi/4.8.3/../../../../arm-none-eabi/lib/armv6-m\libc_s.a(lib_a-nano-freer.o)
                0x00006fc0                _free_r
 .text._malloc_r
                0x00007050       0xa8 c:/users/sam/appdata/local/arduino15/packages/arduino/tools/arm-none-eabi-gcc/4.8.3-2014q1/bin/../lib/gcc/arm-none-eabi/4.8.3/../../../../arm-none-eabi/lib/armv6-m\libc_s.a(lib_a-nano-mallocr.o)
                0x00007050                _malloc_r
 .text.rand     0x000070f8       0x78 c:/users/sam/appdata/local/arduino15/packages/arduino/tools/arm-none-eabi-gcc/4.8.3-2014q1/bin/../lib/gcc/arm-none-eabi/4.8.3/../../../../arm-none-eabi/lib/armv6-m\libc_s.a(lib_a-rand.o)
                0x000070f8                rand
 .text.realloc  0x00007170       0x18 c:/users/sam/appdata/local/arduino15/packages/arduino/tools/arm-none-eabi-gcc/4.8.3-2014q1/bin/../lib/gcc/arm-none-eabi/4.8.3/../../../../arm-none-eabi/lib/armv6-m\libc_s.a(lib_a-realloc.o)
                0x00007170                realloc
 .text._sbrk_r  0x00007188       0x24 c:/users/sam/appdata/local/arduino15/packages/arduino/tools/arm-none-eabi-gcc/4.8.3-2014q1/bin/../lib/gcc/arm-none-eabi/4.8.3/../../../../arm-none-eabi/lib/armv6-m\libc_s.a(lib_a-sbrkr.o)
                0x00007188                _sbrk_r
 .text.strcpy   0x000071ac       0x10 c:/users/sam/appdata/local/arduino15/packages/arduino/tools/arm-none-eabi-gcc/4.8.3-2014q1/bin/../lib/gcc/arm-none-eabi/4.8.3/../../../../arm-none-eabi/lib/armv6-m\libc_s.a(lib_a-strcpy.o)
                0x000071ac                strcpy
 .text.strlen   0x000071bc        0xe c:/users/sam/appdata/local/arduino15/packages/arduino/tools/arm-none-eabi-gcc/4.8.3-2014q1/bin/../lib/gcc/arm-none-eabi/4.8.3/../../../../arm-none-eabi/lib/armv6-m\libc_s.a(lib_a-strlen.o)
                0x000071bc                strlen
 .text.strncpy  0x000071ca       0x28 c:/users/sam/appdata/local/arduino15/packages/arduino/tools/arm-none-eabi-gcc/4.8.3-2014q1/bin/../lib/gcc/arm-none-eabi/4.8.3/../../../../arm-none-eabi/lib/armv6-m\libc_s.a(lib_a-strncpy.o)
                0x000071ca                strncpy
 .text._realloc_r
                0x000071f2       0x4c c:/users/sam/appdata/local/arduino15/packages/arduino/tools/arm-none-eabi-gcc/4.8.3-2014q1/bin/../lib/gcc/arm-none-eabi/4.8.3/../../../../arm-none-eabi/lib/armv6-m\libc_s.a(lib_a-nano-reallocr.o)
                0x000071f2                _realloc_r
 .text._malloc_usable_size_r
                0x0000723e       0x12 c:/users/sam/appdata/local/arduino15/packages/arduino/tools/arm-none-eabi-gcc/4.8.3-2014q1/bin/../lib/gcc/arm-none-eabi/4.8.3/../../../../arm-none-eabi/lib/armv6-m\libc_s.a(lib_a-nano-msizer.o)
                0x0000723e                _malloc_usable_size_r
 .text          0x00007250       0x44 c:/users/sam/appdata/local/arduino15/packages/arduino/tools/arm-none-eabi-gcc/4.8.3-2014q1/bin/../lib/gcc/arm-none-eabi/4.8.3/armv6-m\libgcc.a(_muldi3.o)
                0x00007250                __muldi3
                0x00007250                __aeabi_lmul
 .text._sbrk    0x00007294       0x34 c:/users/sam/appdata/local/arduino15/packages/arduino/tools/arm-none-eabi-gcc/4.8.3-2014q1/bin/../lib/gcc/arm-none-eabi/4.8.3/../../../../arm-none-eabi/lib/armv6-m\libnosys.a(sbrk.o)
                0x00007294                _sbrk
 *(.init)
 .init          0x000072c8        0x4 c:/users/sam/appdata/local/arduino15/packages/arduino/tools/arm-none-eabi-gcc/4.8.3-2014q1/bin/../lib/gcc/arm-none-eabi/4.8.3/armv6-m/crti.o
                0x000072c8                _init
 .init          0x000072cc        0x8 c:/users/sam/appdata/local/arduino15/packages/arduino/tools/arm-none-eabi-gcc/4.8.3-2014q1/bin/../lib/gcc/arm-none-eabi/4.8.3/armv6-m/crtn.o
 *(.fini)
 .fini          0x000072d4        0x4 c:/users/sam/appdata/local/arduino15/packages/arduino/tools/arm-none-eabi-gcc/4.8.3-2014q1/bin/../lib/gcc/arm-none-eabi/4.8.3/armv6-m/crti.o
                0x000072d4                _fini
 .fini          0x000072d8        0x8 c:/users/sam/appdata/local/arduino15/packages/arduino/tools/arm-none-eabi-gcc/4.8.3-2014q1/bin/../lib/gcc/arm-none-eabi/4.8.3/armv6-m/crtn.o
 *crtbegin.o(.ctors)
 *crtbegin?.o(.ctors)
 *(EXCLUDE_FILE(*crtend.o *crtend?.o) .ctors)
 *(SORT(.ctors.*))
 *(.ctors)
 *crtbegin.o(.dtors)
 *crtbegin?.o(.dtors)
 *(EXCLUDE_FILE(*crtend.o *crtend?.o) .dtors)
 *(SORT(.dtors.*))
 *(.dtors)
 *(.rodata*)
 .rodata        0x000072e0       0x10 C:\Users\sam\AppData\Local\Temp\VMBuilds\gateway\adafruit_adafruit_samd_adafruit_feather_m0_express\Debug\gateway.cpp.o
 .rodata.str1.1
                0x000072f0       0xd9 C:\Users\sam\AppData\Local\Temp\VMBuilds\gateway\adafruit_adafruit_samd_adafruit_feather_m0_express\Debug\gateway.cpp.o
 *fill*         0x000073c9        0x7 
 .rodata._ZTV15RHGenericDriver
                0x000073d0       0x60 C:\Users\sam\AppData\Local\Temp\VMBuilds\gateway\adafruit_adafruit_samd_adafruit_feather_m0_express\Debug\RadioHead\RHGenericDriver.cpp.o
                0x000073d0                vtable for RHGenericDriver
 .rodata._ZTV12RHGenericSPI
                0x00007430       0x28 C:\Users\sam\AppData\Local\Temp\VMBuilds\gateway\adafruit_adafruit_samd_adafruit_feather_m0_express\Debug\RadioHead\RHGenericSPI.cpp.o
                0x00007430                vtable for RHGenericSPI
 .rodata._ZTV13RHHardwareSPI
                0x00007458       0x28 C:\Users\sam\AppData\Local\Temp\VMBuilds\gateway\adafruit_adafruit_samd_adafruit_feather_m0_express\Debug\RadioHead\RHHardwareSPI.cpp.o
                0x00007458                vtable for RHHardwareSPI
 .rodata._ZTV11RHSPIDriver
                0x00007480       0x60 C:\Users\sam\AppData\Local\Temp\VMBuilds\gateway\adafruit_adafruit_samd_adafruit_feather_m0_express\Debug\RadioHead\RHSPIDriver.cpp.o
                0x00007480                vtable for RHSPIDriver
 .rodata._ZL7symbols
                0x000074e0       0x10 C:\Users\sam\AppData\Local\Temp\VMBuilds\gateway\adafruit_adafruit_samd_adafruit_feather_m0_express\Debug\RadioHead\RH_ASK.cpp.o
 .rodata        0x000074f0        0x2 C:\Users\sam\AppData\Local\Temp\VMBuilds\gateway\adafruit_adafruit_samd_adafruit_feather_m0_express\Debug\RadioHead\RH_RF69.cpp.o
 .rodata._ZL18MODEM_CONFIG_TABLE
                0x000074f2       0xd8 C:\Users\sam\AppData\Local\Temp\VMBuilds\gateway\adafruit_adafruit_samd_adafruit_feather_m0_express\Debug\RadioHead\RH_RF69.cpp.o
 *fill*         0x000075ca        0x6 
 .rodata._ZTV7RH_RF69
                0x000075d0       0x60 C:\Users\sam\AppData\Local\Temp\VMBuilds\gateway\adafruit_adafruit_samd_adafruit_feather_m0_express\Debug\RadioHead\RH_RF69.cpp.o
                0x000075d0                vtable for RH_RF69
 .rodata.str1.1
                0x00007630       0x6a C:\Users\sam\AppData\Local\Temp\VMBuilds\gateway\adafruit_adafruit_samd_adafruit_feather_m0_express\Debug\VM_DBG\VM_DBG.cpp.o
                                 0x6c (size before relaxing)
 *fill*         0x0000769a        0x2 
 .rodata.g_APinDescription
                0x0000769c      0x408 C:\Users\sam\AppData\Local\Temp\VMBuilds\gateway\adafruit_adafruit_samd_adafruit_feather_m0_express\Debug\variant\variant.cpp.o
                0x0000769c                g_APinDescription
 .rodata.str1.1
                0x00007aa4        0xe C:\Users\sam\AppData\Local\Temp\VMBuilds\gateway\adafruit_adafruit_samd_adafruit_feather_m0_express\Debug/core.a(Print.cpp.o)
                                 0x11 (size before relaxing)
 *fill*         0x00007ab2        0x6 
 .rodata._ZTV4Uart
                0x00007ab8       0x30 C:\Users\sam\AppData\Local\Temp\VMBuilds\gateway\adafruit_adafruit_samd_adafruit_feather_m0_express\Debug/core.a(Uart.cpp.o)
                0x00007ab8                vtable for Uart
 .rodata._ZTV7Serial_
                0x00007ae8       0x28 C:\Users\sam\AppData\Local\Temp\VMBuilds\gateway\adafruit_adafruit_samd_adafruit_feather_m0_express\Debug/core.a(CDC.cpp.o)
                0x00007ae8                vtable for Serial_
 .rodata._ZTV26DoubleBufferedEPOutHandler
                0x00007b10       0x18 C:\Users\sam\AppData\Local\Temp\VMBuilds\gateway\adafruit_adafruit_samd_adafruit_feather_m0_express\Debug/core.a(USBCore.cpp.o)
                0x00007b10                vtable for DoubleBufferedEPOutHandler
 .rodata._ZL19STRING_MANUFACTURER
                0x00007b28        0x9 C:\Users\sam\AppData\Local\Temp\VMBuilds\gateway\adafruit_adafruit_samd_adafruit_feather_m0_express\Debug/core.a(USBCore.cpp.o)
 *fill*         0x00007b31        0x1 
 .rodata._ZL15STRING_LANGUAGE